<6>[    0.000000] Initializing cgroup subsys cpu
<5>[    0.000000] Linux version 2.6.32.9-eng-g7033ad1 (dsun3@nj05lnxdroid04) (gcc version 4.4.0 (GCC) ) #1 PREEMPT Mon Oct 11 15:35:36 EDT 2010
<4>[    0.000000] CPU: ARMv7 Processor [413fc082] revision 2 (ARMv7), cr=10c53c7f
<4>[    0.000000] CPU: VIPT nonaliasing data cache, VIPT nonaliasing instruction cache
<4>[    0.000000] Machine: mapphone_
<4>[    0.000000] parse_tag_powerup_reason: powerup reason=0x00000080
<4>[    0.000000] Ignoring unrecognised tag 0xf1000402
<4>[    0.000000] Ignoring unrecognised tag 0xf1000403
<4>[    0.000000] Ignoring unrecognised tag 0xf1000404
<4>[    0.000000] Ignoring unrecognised tag 0xf1000405
<4>[    0.000000] Ignoring unrecognised tag 0xf1000406
<6>[    0.000000] parse_tag_mbm_version: mbm_version=0x0000d012
<6>[    0.000000] parse_tag_mbm_loader_version: mbm_loader_version=0x000005a0
<4>[    0.000000] Ignoring unrecognised tag 0xf1000409
<6>[    0.000000] flat_dev_tree_address=0x89090000, flat_dev_tree_size == 0x0000208D
<4>[    0.000000] Ignoring unrecognised tag 0xf100040b
<4>[    0.000000] Ignoring unrecognised tag 0xf100040c
<4>[    0.000000] Ignoring unrecognised tag 0xf100040d
<6>[    0.000000] parse_tag_battery_status_at_boot: battery_status_at_boot=0x00000001
<4>[    0.000000] Ignoring unrecognised tag 0xf100040f
<4>[    0.000000] Ignoring unrecognised tag 0xf1000410
<4>[    0.000000] Ignoring unrecognised tag 0xf1000411
<4>[    0.000000] Ignoring unrecognised tag 0xf1000412
<4>[    0.000000] Ignoring unrecognised tag 0xf1000413
<4>[    0.000000] Memory policy: ECC disabled, Data cache writeback
<7>[    0.000000] On node 0 totalpages: 127488
<7>[    0.000000] free_area_init_node: node 0, pgdat c05b9e50, node_mem_map c068b000
<7>[    0.000000]   Normal zone: 996 pages used for memmap
<7>[    0.000000]   Normal zone: 0 pages reserved
<7>[    0.000000]   Normal zone: 126492 pages, LIFO batch:31
<6>[    0.000000] OMAP3630 ES1.1 (l2cache iva sgx neon isp )
<6>[    0.000000] SRAM: Mapped pa 0x40200000 to va 0xfe400000 size: 0x100000
<6>[    0.000000] Reserving 4194304 bytes SDRAM for VRAM
<4>[    0.000000] Built 1 zonelists in Zone order, mobility grouping on.  Total pages: 126492
<5>[    0.000000] Kernel command line: console=ttyS2,115200n8 rw mem=498M@0x80C00000 init=/init ip=off brdrev=P3A androidboot.bootloader=0x0000  mmcparts=mmcblk1:p7(pds),p15(boot),p16(recovery),p17(cdrom),p18(misc),p19(cid),p20(kpanic),p21(system),p22(cache),p23(preinstall),p24(userdata) androidboot.mode=normal androidboot.bootloader=D012 androidboot.serialno=015A5F5D03022012
<6>[    0.000000] boot_mode=normal
<6>[    0.000000] PID hash table entries: 2048 (order: 1, 8192 bytes)
<6>[    0.000000] Dentry cache hash table entries: 65536 (order: 6, 262144 bytes)
<6>[    0.000000] Inode-cache hash table entries: 32768 (order: 5, 131072 bytes)
<6>[    0.000000] Memory: 498MB = 498MB total
<5>[    0.000000] Memory: 487936KB available (5112K code, 1200K data, 180K init, 0K highmem)
<6>[    0.000000] Hierarchical RCU implementation.
<6>[    0.000000] NR_IRQS:368
<6>[    0.000000] get_omap3630_revision_id: Devtree omap3630-variant 0x36301200
<6>[    0.000000] Clocking rate (Crystal/Core/MPU): 26.0/400/1000 MHz
<6>[    0.000000] Reprogramming SDRC clock to 400000000 Hz
<6>[    0.000000] GPMC revision 5.0
<6>[    0.000000] IRQ: Found an INTC at 0xfa200000 (revision 4.0) with 96 interrupts
<6>[    0.000000] Total of 96 interrupts on 1 active controller
<6>[    0.000000] OMAP GPIO hardware version 2.5
<6>[    0.000000] OMAP clockevent source: GPTIMER1 at 32768 Hz
<6>[    0.000000] Calibrating delay loop... 998.84 BogoMIPS (lpj=3899392)
<4>[    0.000000] Mount-cache hash table entries: 512
<6>[    0.000000] Initializing cgroup subsys cpuacct
<6>[    0.000000] CPU: Testing write buffer coherency: ok
<6>[    0.000000] regulator: core version 0.5
<6>[    0.000000] NET: Registered protocol family 16
<6>[    0.000000] Device tree prop padinit override done
<6>[    0.000000] Device tree prop padwkupsinit override done
<6>[    0.000000] Device tree prop offmodeinit override done
<6>[    0.000000] Device tree prop offmodewkupsinit override done
<6>[    0.000000] GPIO mapping write: pin = 16, name = als_int
<6>[    0.000000] GPIO mapping write: pin = 28, name = akm8975_reset
<6>[    0.000000] GPIO mapping write: pin = 175, name = akm8975_int
<6>[    0.000000] GPIO mapping write: pin = 21, name = bt_reset_b
<6>[    0.000000] GPIO mapping write: pin = 8, name = bt_wake_b
<6>[    0.000000] GPIO mapping write: pin = 15, name = bt_host_wake_b
<6>[    0.000000] GPIO mapping write: pin = 186, name = wlan_reset
<6>[    0.000000] GPIO mapping write: pin = 100, name = silence_data
<6>[    0.000000] GPIO mapping write: pin = 182, name = vib_control_en
<6>[    0.000000] GPIO mapping write: pin = 176, name = power_off
<6>[    0.000000] GPIO mapping write: pin = 109, name = touch_panel_int
<6>[    0.000000] GPIO mapping write: pin = 164, name = touch_panel_rst
<6>[    0.000000] GPIO mapping write: pin = 160, name = slider_data
<6>[    0.000000] GPIO mapping write: pin = 42, name = fm_enable
<6>[    0.000000] GPIO mapping write: pin = 127, name = ipc_o_bp_pwron
<6>[    0.000000] GPIO mapping write: pin = 128, name = ipc_o_ap_reset_bp
<6>[    0.000000] GPIO mapping write: pin = 157, name = ipc_o_bp_flash_en
<6>[    0.000000] GPIO mapping write: pin = 129, name = ipc_i_bp_resout
<6>[    0.000000] GPIO mapping write: pin = 141, name = ipc_i_bp_ready
<6>[    0.000000] GPIO mapping write: pin = 59, name = ipc_i_bp_ready2
<6>[    0.000000] GPIO mapping write: pin = 14, name = ipc_i_bp_ready3
<6>[    0.000000] GPIO mapping write: pin = 167, name = ipc_o_ap_ready
<6>[    0.000000] GPIO mapping write: pin = 110, name = ipc_o_ap_ready2
<6>[    0.000000] GPIO mapping write: pin = 42, name = ipc_o_ap_ready3
<6>[    0.000000] GPIO mapping write: pin = 140, name = ipc_o_usb_bypass
<6>[    0.000000] GPIO mapping write: pin = 142, name = ipc_o_usb_susp
<6>[    0.000000] GPIO mapping write: pin = 155, name = ipc_o_usb_txen_n
<3>[    0.000000] Too long gpio map string name!
<6>[    0.000000] GPIO mapping write: pin = 26, name = headset_uart_switch
<6>[    0.000000] GPIO mapping write: pin = 22, name = accel1_int
<6>[    0.000000] GPIO mapping write: pin = 143, name = ipc_bpwake_strobe
<6>[    0.000000] GPIO mapping write: pin = 29, name = ipc_apwake_trigger
<6>[    0.000000] GPIO mapping write: pin = 27, name = bp2ap_usb_rwkup
<6>[    0.000000] GPIO mapping write: pin = 25, name = cam_avdd_en
<6>[    0.000000] DT overwrite GPIO Mapping done!
<6>[    0.000000] GPIO Mapping init done!
<6>[    0.000000] ram_console: got buffer at 8e000000, size 20000
<6>[    0.000000] ram_console: uncorrectable error in header
<6>[    0.000000] ram_console: no valid data in buffer (sig = 0x551511aa)
<6>[    0.000000] console [ram-1] enabled
<6>[    0.000000] Modem0 is 0x001e0001
<3>[    0.000000] Unable to get gpio pin num for ipc_o_bp_pshold
<7>[    0.000000] mapphone_qsc6085_init_gpio: can't get ipc_o_bp_pshold from device_tree
<6>[    0.000000] CPCAP: using default bus_num 1
<6>[    0.000000] cpcap init size = 1
<6>[    0.000000] CPCAP: Add new reg [156] setting!
<6>[    0.000000] cpcap init size = 9
<6>[    0.000000] CPCAP: Overwrite regulator init [2]!
<6>[    0.000000] CPCAP: Overwrite regulator init [4]!
<6>[    0.000000] CPCAP: Overwrite regulator init [7]!
<6>[    0.000000] CPCAP: Overwrite regulator init [9]!
<6>[    0.000000] CPCAP: Overwrite regulator init [10]!
<6>[    0.000000] CPCAP: Overwrite regulator init [11]!
<6>[    0.000000] CPCAP: Overwrite regulator init [14]!
<6>[    0.000000] CPCAP: Overwrite regulator init [15]!
<6>[    0.000000] CPCAP: Overwrite regulator init [12]!
<6>[    0.000000] cpcap init size = 7
<6>[    0.000000] CPCAP: Overwrite regulator mode [2]!
<6>[    0.000000] CPCAP: Overwrite regulator mode [4]!
<6>[    0.000000] CPCAP: Overwrite regulator mode [9]!
<6>[    0.000000] CPCAP: Overwrite regulator mode [10]!
<6>[    0.000000] CPCAP: Overwrite regulator mode [11]!
<6>[    0.000000] CPCAP: Overwrite regulator mode [18]!
<6>[    0.000000] CPCAP: Overwrite regulator mode [7]!
<3>[    0.000000] Read property regulator_off_mode error!
<3>[    0.000000] Read property analog_downlink error!
<3>[    0.000000] Read property stereo_loudspeaker error!
<3>[    0.000000] Read property mic3 error!
<6>[    0.000000] CPCAP: delaying cpcap_usb probe
<6>[    0.000000] CPCAP: delaying cpcap_usb_det probe
<6>[    0.000000] CPCAP: delaying cpcap_audio probe
<6>[    0.000000] CPCAP: delaying cpcap_3mm5 probe
<6>[    0.000000] CPCAP: delaying af-led probe
<6>[    0.000000] CPCAP: delaying bd7885 probe
<6>[    0.000000] CPCAP: delaying ld-keyboard-backlight probe
<3>[    0.000000] Read property button_register2 error!
<6>[    0.000000] CPCAP: delaying ld-button-backlight probe
<6>[    0.000000] CPCAP: delaying flash-torch probe
<6>[    0.000000] CPCAP: delaying notification-led probe
<3>[    0.000000] Unable to get gpio pin num for lm3530_int
<7>[    0.000000] mapphone_als_init: cann't get lm3530_int from device_tree
<3>[    0.000000] Unable to get gpio pin num for lm3530_reset
<6>[    0.000000] mapphone_als_init:Initializing
<3>[    0.000000] mapphone_isl29030_init - opened node /System@0/I2C@0/Proximity@0 from device tree
<6>[    0.000000] mapphone_isl29030_init - unable to read regulator from device tree
<3>[    0.000000] Unable to get gpio pin num for adp8870_reset
<3>[    0.000000] adp8870_reset not in device_tree
<6>[    0.000000] feature_mipi_cam 1
<6>[    0.000000] cam_avdd_en 25
<6>[    0.000000] Regulators for device: vcam,vwlan1
<6>[    0.000000] Adding vcam to camera 						regulator list
<6>[    0.000000] Adding vwlan1 to camera 						regulator list
<6>[    0.000000] mapphone_camera_init: MIPI camera
<3>[    0.000000] Unable to get gpio pin num for flash_ready
<3>[    0.000000] Unable to get gpio pin num for touch_pwr_en
<6>[    0.000000] feature_headset_uart_en 0
<3>[    0.000000] Setting the Modem Interface num to 4
<3>[    0.000000] USB Overwrite nLuns 2
<6>[    0.000000] USB PID overwritten for  msc with 0x42b3 
<6>[    0.000000] USB PID overwritten for  cdrom with 0x41de 
<6>[    0.000000] USB PID overwritten for  msc_adb with 0x42b4 
<6>[    0.000000] USB PID overwritten for  eth with 0x41d4 
<6>[    0.000000] USB PID overwritten for  mtp with 0x42b6 
<6>[    0.000000] USB PID overwritten for  acm with 0x6422 
<6>[    0.000000] USB PID overwritten for  eth_adb with 0x41ea 
<6>[    0.000000] USB PID overwritten for  acm_eth_mtp with 0x42b1 
<6>[    0.000000] USB PID overwritten for  mtp_adb with 0x42b7 
<6>[    0.000000] USB PID overwritten for  acm_eth_mtp_adb with 0x42b2 
<6>[    0.000000] USB PID overwritten for  acm_eth_adb with 0x41e2 
<6>[    0.000000] USB PID overwritten for  msc_eth with 0x41d4 
<6>[    0.000000] USB PID overwritten for  msc_adb_eth with 0x41d4 
<6>[    0.000000] USB PID overwritten for  charge_only with 0x42b5 
<6>[    0.000000] USB PID overwritten for  charge_adb with 0x42ba 
<6>[    0.000000] DT overwrite of  USB PID's done!
<6>[    0.000000] SIM device disabled.
<3>[    0.000000] omap_init_mbox: platform not supported
<6>[    0.000000] Enabling MIPI DLI Test
<6>[    0.000000] I2C-1 devices: qtouch-obp-ts,isl29030_als_ir,lm3530_led
<6>[    0.000000] qtouch-obp-ts -> I2C bus-1
<6>[    0.000000] isl29030_als_ir -> I2C bus-1
<6>[    0.000000] lm3530_led -> I2C bus-1
<6>[    0.000000] I2C-2 devices: akm8975,kxtf9
<6>[    0.000000] akm8975 -> I2C bus-2
<6>[    0.000000] kxtf9 -> I2C bus-2
<6>[    0.000000] I2C-3 devices: HP_GEN_LENS,ov5650,lm3554_led
<6>[    0.000000] HP_GEN_LENS -> I2C bus-3
<6>[    0.000000] ov5650 -> I2C bus-3
<6>[    0.000000] lm3554_led -> I2C bus-3
<6>[   13.525939] OMAP DMA hardware revision 5.0
<6>[   13.526092] Reserving DMA channels 0 and 1 for HS ROM code
<4>[   13.552093] bio: create slab <bio-0> at 0
<6>[   13.553863] omap-uart.1: ttyS0 at MMIO 0x4806a000 (irq = 72) is a OMAP UART1
<3>[   13.554260] Error requesting GPIO
<6>[   13.554473] omap-uart.2: ttyS1 at MMIO 0x4806c000 (irq = 73) is a OMAP UART2
<3>[   13.554840] omap-uart omap-uart.3: device disabled
<6>[   13.561737] regulator: sw5: 5050 mV 
<6>[   13.562500] regulator: vusb: 3300 mV 
<6>[   13.563690] regulator: vcam: 2900 mV 
<6>[   13.565887] regulator: vcsi: 1800 mV 
<6>[   13.567047] regulator: vdac: 1800 mV 
<6>[   13.568176] regulator: vdig: 1875 mV 
<6>[   13.568969] regulator: vfuse: 1500 <--> 3150 mV 
<6>[   13.570709] regulator: vhvio: 2775 mV 
<6>[   13.573059] regulator: vsdio: 2900 mV 
<6>[   13.574462] regulator: vpll: 1800 mV 
<6>[   13.575225] regulator: vrf1: 2775 mV 
<6>[   13.575988] regulator: vrf2: 2775 mV 
<6>[   13.577239] regulator: vrfref: 2775 mV 
<6>[   13.577941] regulator: vwlan1: 1800 <--> 1900 mV 
<6>[   13.579254] regulator: vwlan2: 3000 mV 
<6>[   13.580047] regulator: vsim: 1800 <--> 2900 mV 
<6>[   13.580718] regulator: vsimcard: 1800 <--> 2900 mV 
<6>[   13.581512] regulator: vvib: 1300 <--> 3000 mV 
<6>[   13.583251] regulator: vaudio: 2775 mV normal standby
<6>[   13.584259] cpcap_uc cpcap_uc: firmware: using built-in firmware cpcap/firmware_1_2x.fw
<6>[   13.584442] cpcap_uc cpcap_uc: Loading 499 word(s) at 0x9130
<6>[   13.697692] cpcap_uc cpcap_uc: Loading 1 word(s) at 0x9018
<6>[   13.703033] cpcap_uc cpcap_uc: Loaded Sec SPI Init = 0: 0
<6>[   13.703247] cpcap_uc cpcap_uc: Started macro 4: 0
<6>[   13.719635] cpcap_adc cpcap_adc: CPCAP ADC device probed
<6>[   13.720458] cpcap spi1.0: Probing CPCAP device cpcap_usb
<6>[   13.720886] cpcap spi1.0: Probing CPCAP device cpcap_usb_det
<6>[   13.721221] cpcap spi1.0: Probing CPCAP device cpcap_audio
<6>[   13.721618] cpcap spi1.0: Probing CPCAP device cpcap_3mm5
<6>[   13.721923] cpcap spi1.0: Probing CPCAP device af-led
<6>[   13.722320] cpcap spi1.0: Probing CPCAP device bd7885
<6>[   13.722625] cpcap spi1.0: Probing CPCAP device ld-keyboard-backlight
<6>[   13.723022] cpcap spi1.0: Probing CPCAP device ld-button-backlight
<6>[   13.723358] cpcap spi1.0: Probing CPCAP device flash-torch
<6>[   13.723754] cpcap spi1.0: Probing CPCAP device notification-led
<6>[   13.725433] cpcap_usb cpcap_usb: Initialized CPCAP USB module
<6>[   13.726470] usbcore: registered new interface driver usbfs
<6>[   13.727050] usbcore: registered new interface driver hub
<6>[   13.727539] usbcore: registered new device driver usb
<6>[   13.728179] i2c_omap i2c_omap.1: bus 1 rev4.0 at 400 kHz
<6>[   13.742919] i2c_omap i2c_omap.2: bus 2 rev4.0 at 400 kHz
<6>[   13.758544] i2c_omap i2c_omap.3: bus 3 rev4.0 at 400 kHz
<6>[   13.764556] Bluetooth: Core ver 2.15
<6>[   13.764953] NET: Registered protocol family 31
<6>[   13.765045] Bluetooth: HCI device and connection manager initialized
<6>[   13.765228] Bluetooth: HCI socket layer initialized
<6>[   13.765777] Switching to clocksource 32k_counter
<6>[   13.768798] musb_hdrc: version 6.0, musb-dma, peripheral, debug=0
<7>[   13.769073] musb_hdrc: ConfigData=0xde (UTMI-8, dyn FIFOs, bulk combine (X), bulk split (X), HB-ISO Rx, HB-ISO Tx, SoftConn)
<7>[   13.769226] musb_hdrc: MHDRC RTL version 1.800 
<7>[   13.769409] musb_hdrc: setup fifo_mode 4
<7>[   13.769500] musb_hdrc: 28/31 max ep, 16384/16384 memory
<6>[   13.769683] musb_hdrc: USB Peripheral mode controller at fa0ab000 using DMA, IRQ 92
<6>[   13.770324] NET: Registered protocol family 2
<6>[   13.770629] IP route cache hash table entries: 4096 (order: 2, 16384 bytes)
<6>[   13.771301] TCP established hash table entries: 16384 (order: 5, 131072 bytes)
<6>[   13.771667] TCP bind hash table entries: 16384 (order: 4, 65536 bytes)
<6>[   13.771881] TCP: Hash tables configured (established 16384 bind 16384)
<6>[   13.772033] TCP reno registered
<6>[   13.772369] NET: Registered protocol family 1
<6>[   13.773559] Trying to unpack rootfs image as initramfs...
<6>[   13.786743] Freeing initrd memory: 164K
<6>[   13.789428] dspbridge_init: 600000 bytes @ 81b00000
<4>[   13.790527] mapphone_wifi_init: start
<6>[   13.790893] gpio_dev_size = 4
<6>[   13.791076] GPIODev: Overwrite device [gps_reset] setting!
<6>[   13.791168] GPIODev: Overwrite device [gps_standby] setting!
<6>[   13.791320] GPIODev: Add new device [bt_wake] setting!
<6>[   13.791412] GPIODev: Add new device [bt_hostwake] setting!
<6>[   13.791992] omap-iommu omap-iommu.0: isp registered
<6>[   13.804992] ashmem: initialized
<5>[   13.805725] VFS: Disk quotas dquot_6.5.2
<4>[   13.805877] Dquot-cache hash table entries: 1024 (order 0, 4096 bytes)
<4>[   13.806365] yaffs Oct 11 2010 15:34:49 Installing. 
<6>[   13.806549] msgmni has been set to 954
<6>[   13.810180] alg: No test for stdrng (krng)
<6>[   13.810333] io scheduler noop registered
<6>[   13.810607] io scheduler cfq registered (default)
<6>[   13.815704] GPIODev init successfully 
<3>[   13.817230] sr_recalibrate: 2:1 autocomp was disabled
<6>[   13.832427] brd: module loaded
<6>[   13.839447] loop: module loaded
<6>[   13.891998] Android kernel panic handler initialized (bind=kpanic)
<6>[   13.893737] AK8975 compass driver: init
<6>[   13.894470] input: compass as /devices/virtual/input/input0
<6>[   13.895507] <6>LIS331DLH accelerometer driver
<6>[   13.895843] kxtf9 accelerometer driver
<6>[   14.040191] input: accelerometer as /devices/virtual/input/input1
<6>[   14.040924] kxtf9 2-000f: kxtf9 probed
<6>[   14.041839] omap_mdm_ctrl_probe: Loaded omap_mdm_ctrl device driver
<6>[   14.047485] ts27010 mux registered
<3>[   14.048583] vib-pwm: vib_pwm_init
<6>[   14.049102] Android kernel panic mmc handler initialized
<6>[   14.050994] Syspanic cannot get wrigley mbox
<6>[   14.051086] Loaded SysPanic device driver
<6>[   14.051330] Driver for moto tcmd related part - init.
<6>[   14.052795] input: cpcap-key as /devices/virtual/input/input2
<6>[   14.053009] cpcap_key cpcap_key: CPCAP key device probed
<3>[   14.054046] regulator_check_voltage: operation not allowed for vaudio
<6>[   14.054992] cpcap spi1.0: Headset key event: old=0, new=0
<6>[   14.055755] cpcap spi1.0: New headset state: 0
<6>[   14.056793] omap2-nand driver initializing
<6>[   14.057403] PPP generic driver version 2.4.2
<6>[   14.058197] PPP Deflate Compression module registered
<6>[   14.058380] PPP BSD Compression module registered
<6>[   14.059478] PPP MPPE Compression module registered
<6>[   14.059600] NET: Registered protocol family 24
<6>[   14.061035] ehci_hcd: USB 2.0 'Enhanced' Host Controller (EHCI) Driver
<6>[   14.061492] ohci_hcd: USB 1.1 'Open' Host Controller (OHCI) Driver
<6>[   14.061950] ohci ohci.0: OMAP OHCI
<6>[   14.062622] ohci ohci.0: new USB bus registered, assigned bus number 1
<6>[   14.063049] ohci ohci.0: irq 76, io mem 0x48064400
<6>[   14.146453] usb usb1: configuration #1 chosen from 1 choice
<6>[   14.147064] hub 1-0:1.0: USB hub found
<6>[   14.147338] hub 1-0:1.0: 3 ports detected
<6>[   14.148773] usbcore: registered new interface driver cdc_acm
<6>[   14.149047] cdc_acm: v0.26:USB Abstract Control Model driver for USB modems and ISDN adapters
<6>[   14.149871] usbcore: registered new interface driver usbserial
<6>[   14.149993] usbserial: USB Serial Driver core
<6>[   14.150421] USB Serial support registered for moto-modem
<6>[   14.150756] usbcore: registered new interface driver moto-modem
<6>[   14.151184] USB Serial support registered for QSC 6085 Modem Driver
<6>[   14.151550] usbcore: registered new interface driver cdma-modem
<6>[   14.151977] USB Serial support registered for moto-flashqsc
<6>[   14.152343] usbcore: registered new interface driver moto-flashqsc
<6>[   14.152984] usbcore: registered new interface driver usb_ipc_data
<6>[   14.153106] android init
<6>[   14.153320] android_probe pdata: c056d120
<6>[   14.153839] android_bind
<7>[   14.153961] android_bind_config
<6>[   14.154052] android_usb gadget: android_usb ready
<6>[   14.154998] f_usbnet init
<6>[   14.155090] android_register_function usbnet
<6>[   14.155212] f_adb init
<6>[   14.155303] android_register_function adb
<6>[   14.155426] f_mass_storage init
<6>[   14.155517] android_register_function usb_mass_storage
<6>[   14.155700] f_mtp init
<6>[   14.155822] android_register_function mtp
<6>[   14.155914] f_acm init
<6>[   14.156036] android_register_function acm
<6>[   14.156219] Gadget Usb: ACM Bind Config 
<6>[   14.157257] Gadget USB: usbnet_bind_config
<6>[   14.158142] usb_ether_get_stats
<6>[   14.159027] Gadget Usb: mtp_bind_config
<6>[   14.161682] Gadget Usb: mass_storage_bind_config
<6>[   14.162353] fsg_probe pdata: c056d148
<6>[   14.164825] android_usb gadget: Number of LUNs=2
<6>[   14.165039] Gadget Usb: adb_bind_config
<6>[   14.168090] qtouch_force_reset: Forcing HW reset
<3>[   14.168304] Unable to get gpio pin num for touch_pwr_en
<6>[   14.266754] qtouch_process_info_block: Build version is 0x10
<6>[   14.267395] qtouch_process_info_block: Object 5 @ 0x00f2 (9) insts 1 rep_ids 0
<6>[   14.267944] qtouch_process_info_block: Object 6 @ 0x00fb (6) insts 1 rep_ids 1
<6>[   14.268585] qtouch_process_info_block: Object 38 @ 0x0101 (8) insts 1 rep_ids 0
<4>[   14.268768] qtouch_process_info_block: Unknown object type (38) encountered
<6>[   14.269317] qtouch_process_info_block: Object 7 @ 0x0109 (3) insts 1 rep_ids 0
<6>[   14.269958] qtouch_process_info_block: Object 8 @ 0x010c (8) insts 1 rep_ids 0
<6>[   14.270599] qtouch_process_info_block: Object 9 @ 0x0114 (31) insts 1 rep_ids 10
<6>[   14.271148] qtouch_process_info_block: Object 15 @ 0x0133 (11) insts 1 rep_ids 1
<6>[   14.271759] qtouch_process_info_block: Object 18 @ 0x013e (2) insts 1 rep_ids 0
<6>[   14.272399] qtouch_process_info_block: Object 19 @ 0x0140 (16) insts 1 rep_ids 1
<6>[   14.272949] qtouch_process_info_block: Object 20 @ 0x0150 (12) insts 1 rep_ids 1
<6>[   14.273559] qtouch_process_info_block: Object 22 @ 0x015c (17) insts 1 rep_ids 1
<6>[   14.274169] qtouch_process_info_block: Object 23 @ 0x016d (15) insts 1 rep_ids 1
<6>[   14.274719] qtouch_process_info_block: Object 24 @ 0x017c (19) insts 1 rep_ids 4
<6>[   14.275360] qtouch_process_info_block: Object 25 @ 0x018f (14) insts 1 rep_ids 1
<6>[   14.275970] qtouch_process_info_block: Object 27 @ 0x019d (7) insts 1 rep_ids 1
<6>[   14.276519] qtouch_process_info_block: Object 28 @ 0x01a4 (6) insts 1 rep_ids 1
<6>[   14.277160] qtouch_process_info_block: Object 37 @ 0x0070 (130) insts 1 rep_ids 0
<4>[   14.277679] qtouch_process_info_block: Checksum mismatch (0x0000000c != 0x00ac87d5)
<6>[   14.277801] qtouch_process_info_block: qtouch-obp-ts found. family 0x80, variant 0x3, ver 0x10, build 0xab, matrix 16x14, 17 objects.
<6>[   14.277984] qtouch_ts_probe: FW version is 0x10 Build 0xAB
<6>[   14.278930] input: qtouch-touchscreen as /devices/virtual/input/input3
<6>[   14.280364] GPIO Matrix Keypad Driver: Start keypad matrix for sholes-keypad in interrupt mode
<6>[   14.280639] GPIO Input Driver: Start gpio inputs for sholes-keypad in interrupt mode
<6>[   14.281250] do_cmd_proc_msg:EEPROM checksum mismatch 0x  50DAD0
<6>[   14.281372] qtouch_hw_init: Doing hw init
<6>[   14.282104] input: sholes-keypad as /devices/virtual/input/input4
<6>[   14.287017] input: proximity as /devices/virtual/input/input5
<6>[   14.288146] input: als as /devices/virtual/input/input6
<4>[   14.288665] ------------[ cut here ]------------
<4>[   14.288879] WARNING: at /localrepo/dsun3/stab1006/platform/kernel/kernel/irq/manage.c:274 enable_irq+0x5c/0xb4()
<4>[   14.288970] Unbalanced enable for IRQ 176
<4>[   14.289184] Modules linked in:
<4>[   14.289428] [<c003ad80>] (unwind_backtrace+0x0/0xd8) from [<c006a14c>] (warn_slowpath_common+0x48/0x60)
<4>[   14.289642] [<c006a14c>] (warn_slowpath_common+0x48/0x60) from [<c006a19c>] (warn_slowpath_fmt+0x24/0x30)
<4>[   14.289825] [<c006a19c>] (warn_slowpath_fmt+0x24/0x30) from [<c009ef08>] (enable_irq+0x5c/0xb4)
<4>[   14.290069] [<c009ef08>] (enable_irq+0x5c/0xb4) from [<c0270298>] (ld_isl29030_probe+0x298/0x5c4)
<4>[   14.290191] [<c0270298>] (ld_isl29030_probe+0x298/0x5c4) from [<c027544c>] (i2c_device_probe+0xa4/0xc8)
<4>[   14.290374] [<c027544c>] (i2c_device_probe+0xa4/0xc8) from [<c01e7600>] (driver_probe_device+0xa0/0x14c)
<4>[   14.290588] [<c01e7600>] (driver_probe_device+0xa0/0x14c) from [<c01e770c>] (__driver_attach+0x60/0x84)
<4>[   14.290802] [<c01e770c>] (__driver_attach+0x60/0x84) from [<c01e6e68>] (bus_for_each_dev+0x48/0x84)
<4>[   14.290985] [<c01e6e68>] (bus_for_each_dev+0x48/0x84) from [<c01e67bc>] (bus_add_driver+0x9c/0x218)
<4>[   14.291107] [<c01e67bc>] (bus_add_driver+0x9c/0x218) from [<c01e79d8>] (driver_register+0xa8/0x134)
<4>[   14.291320] [<c01e79d8>] (driver_register+0xa8/0x134) from [<c02760dc>] (i2c_register_driver+0x40/0x8c)
<4>[   14.291534] [<c02760dc>] (i2c_register_driver+0x40/0x8c) from [<c003537c>] (do_one_initcall+0x5c/0x1b4)
<4>[   14.291717] [<c003537c>] (do_one_initcall+0x5c/0x1b4) from [<c00083fc>] (kernel_init+0x9c/0x114)
<4>[   14.291931] [<c00083fc>] (kernel_init+0x9c/0x114) from [<c00369dc>] (kernel_thread_exit+0x0/0x8)
<4>[   14.292144] ---[ end trace d98bfb37a9a14981 ]---
<6>[   14.293334] qtouch_force_calibration: Forcing calibration
<6>[   14.306854] using input dev sholes-keypad for key reset
<6>[   14.309112] using rtc device, cpcap_rtc, for alarms
<6>[   14.309295] cpcap_rtc cpcap_rtc: rtc core: registered cpcap_rtc as rtc0
<6>[   14.310546] i2c /dev entries driver
<6>[   14.312194] Linux video capture interface: v2.00
<6>[   14.312622] mt9p012 driver loading
<3>[   14.313598] MIPI DLI tester probe is finished.
<6>[   14.315490] hp3a hp3a-omap: Registered hp3a driver.
<6>[   14.316009] omap-iommu omap-iommu.0: isp: version 1.1
<6>[   14.316223] isp_tmp_buf_alloc: allocating 16777216 bytes
<6>[   14.432891] omap3isp omap3isp: Revision 15.0 found
<3>[   14.435211] tda19989 register/probe failed (-19)
<6>[   14.439208] Driver for 1-wire Dallas network protocol.
<6>[   14.440368] omap_hdq omap_hdq.0: OMAP HDQ Hardware Rev 0.5. Driver in Interrupt mode
<6>[   14.625488] usb 1-3: new full speed USB device using ohci and address 2
<3>[   14.633270] omap_hdq omap_hdq.0: break wait elapsed
<6>[   14.634399] w1_master_driver w1 bus master: Family 89 for 89.000000000000.5b is not registered.
<6>[   14.637359] OMAP Watchdog Timer Rev 0x31: initial timeout 60 sec
<6>[   14.638183] Watchdog auto-pet enabled at 45 sec intervals
<6>[   14.639526] device-mapper: uevent: version 1.0.3
<6>[   14.640563] device-mapper: ioctl: 4.15.0-ioctl (2009-04-01) initialised: dm-devel@redhat.com
<6>[   14.640838] Bluetooth: HCI UART driver ver 2.2
<6>[   14.640930] Bluetooth: HCI H4 protocol initialized
<6>[   14.641052] Bluetooth: HCILL protocol initialized
<6>[   14.642089] cpuidle: using governor ladder
<6>[   14.642211] cpuidle: using governor menu
<6>[   14.646423] cpcap_bd7885_probe:CPCAP Probe enter
<6>[   14.646636] cpcap_bd7885_probe:CPCAP probe exit
<6>[   14.647613] BU9847 i2c driver : init is completed.
<6>[   14.648345] Registered led device: af-led
<6>[   14.649353] Registered led device: button-backlight
<6>[   14.650177] Registered led device: red
<6>[   14.650756] Registered led device: green
<6>[   14.651123] Registered led device: blue
<6>[   14.651947] Registered led device: keyboard-backlight
<6>[   14.654449] Registered led device: lcd-backlight
<6>[   14.654968] cpcap_lm3554_probe:CPCAP Probe enter
<6>[   14.661743] Registered led device: torch-flash
<6>[   14.662200] Registered led device: spotlight
<6>[   14.662384] LM3554 torch initialized
<6>[   14.662689] cpcap_lm3554_probe:CPCAP torch probe exit
<6>[   14.665527] usbcore: registered new interface driver usbhid
<6>[   14.665740] usbhid: v2.6:USB HID core driver
<6>[   14.666900] logger: created 64K log 'log_main'
<6>[   14.667419] logger: created 256K log 'log_events'
<6>[   14.667877] logger: created 64K log 'log_radio'
<6>[   14.668273] logger: created 64K log 'log_system'
<4>[   14.671722] Netfilter messages via NETLINK v0.30.
<4>[   14.671936] nf_conntrack version 0.5.0 (7632 buckets, 30528 max)
<4>[   14.672698] CONFIG_NF_CT_ACCT is deprecated and will be removed soon. Please use
<4>[   14.672790] nf_conntrack.acct=1 kernel parameter, acct=1 nf_conntrack module option or
<4>[   14.673004] sysctl net.netfilter.nf_conntrack_acct=1 to enable it.
<4>[   14.673370] ctnetlink v0.93: registering with nfnetlink.
<6>[   14.676269] xt_time: kernel timezone is -0000
<6>[   14.676727] ip_tables: (C) 2000-2006 Netfilter Core Team
<6>[   14.677124] arp_tables: (C) 2002 David S. Miller
<6>[   14.677337] TCP cubic registered
<6>[   14.677520] Initializing XFRM netlink socket
<6>[   14.678009] NET: Registered protocol family 10
<6>[   14.679138] lo: Disabled Privacy Extensions
<6>[   14.679901] Mobile IPv6
<6>[   14.680023] IPv6 over IPv4 tunneling driver
<6>[   14.681762] sit0: Disabled Privacy Extensions
<6>[   14.683013] ip6tnl0: Disabled Privacy Extensions
<6>[   14.683319] NET: Registered protocol family 17
<6>[   14.683471] NET: Registered protocol family 15
<6>[   14.683715] Bluetooth: L2CAP ver 2.14
<6>[   14.683807] Bluetooth: L2CAP socket layer initialized
<6>[   14.684020] Bluetooth: SCO (Voice Link) ver 0.6
<6>[   14.684112] Bluetooth: SCO socket layer initialized
<6>[   14.684478] Bluetooth: RFCOMM TTY layer initialized
<6>[   14.684692] Bluetooth: RFCOMM socket layer initialized
<6>[   14.684783] Bluetooth: RFCOMM ver 1.11
<6>[   14.684967] Bluetooth: BNEP (Ethernet Emulation) ver 1.3
<6>[   14.685089] Bluetooth: HIDP (Human Interface Emulation) ver 1.2
<6>[   14.686279] OMAP DSS rev 2.0
<6>[   14.686431] OMAP DISPC rev 3.0
<6>[   14.686767] OMAP DSI rev 1.0
<4>[   14.741394] mmc0: host does not support reading read-only switch. assuming write-enable.
<6>[   14.741638] mmc0: new high speed SDHC card at address 0001
<6>[   14.743133] mmcblk0: mmc0:0001 00000 7.41 GiB 
<6>[   14.744018]  mmcblk0: p1
<6>[   14.797912] qtouch_force_calibration: Forcing calibration
<6>[   14.798400] do_cmd_proc_msg: Reset done.
<6>[   14.798522] do_cmd_proc_msg: Self-calibration started.
<6>[   14.832305] qtouch_hw_init: Doing hw init
<6>[   14.839233] qtouch_force_calibration: Forcing calibration
<7>[   14.844268] DT: width= 480 height= 854
<7>[   14.844482] DT: hfp=0 hsw=2 hbp=2 vfp=0 vsw=1 vbp=1
<7>[   14.844573] DT: clk_lane=1 clk_pos=0  data1_lane=2 data1_pos=0
<7>[   14.844818] DT: data2_lane= 3 data2_pos= 0 xfer_mode= 0 
<7>[   14.844909] DT: gpio_reset=126 panel_id=0x1a0001 te_scan_line=0x200
<7>[   14.845123] DT: regn=13 regm=170 regm3=5 regm4=5 lp_clk_div=7 lck_div=1 pck_div=4 
<6>[   14.848663] usb 1-3: configuration #1 chosen from 1 choice
<6>[   14.853210] cdma-modem 1-3:1.0: QSC 6085 Modem Driver converter detected
<6>[   14.857055] usb 1-3: QSC 6085 Modem Driver converter now attached to ttyUSB0
<6>[   14.857879] cdma-modem 1-3:1.1: QSC 6085 Modem Driver converter detected
<6>[   14.861907] usb 1-3: QSC 6085 Modem Driver converter now attached to ttyUSB1
<6>[   14.864074] cdma-modem 1-3:1.2: QSC 6085 Modem Driver converter detected
<6>[   14.868041] usb 1-3: QSC 6085 Modem Driver converter now attached to ttyUSB2
<6>[   14.870056] cdma-modem 1-3:1.3: QSC 6085 Modem Driver converter detected
<6>[   14.874023] usb 1-3: QSC 6085 Modem Driver converter now attached to ttyUSB3
<6>[   14.874847] cdma-modem 1-3:1.4: QSC 6085 Modem Driver converter detected
<6>[   14.878692] usb 1-3: QSC 6085 Modem Driver converter now attached to ttyUSB4
<6>[   14.897766] mmc1 set to SECTOR mode
<6>[   14.914550] done EDISCO CTRL ENABLE
<6>[   14.922637] mmc1: new high speed MMC card at address 0001
<6>[   14.923645] mmcblk1: mmc1:0001 MMC08G 7.45 GiB 
<6>[   14.924224]  mmcblk1: p1 p2 p3 p4 < p5 p6 p7 p8 p9 p10 p11 p12 p13 p14 p15 p16 p17 p18 p19 p20 p21 p22 p23 p24 >
<6>[   14.938903] mmc_blk_probe: adding mmcblk1p20:kpanic
<3>[   14.946929] apanic: Bound to mmc block device 'mmcblk1p20(179:52)'
<6>[   14.947021] apanic: No panic data available
<3>[   15.134643] failed dispsw register/probe -19
<4>[   15.136810] plane 1, # of overlays: 3
<4>[   15.138275] plane 2, # of overlays: 3
<2>[   15.139862] omap_is_SEC: fab_id = 1, it is UMC OMAP3630 Silicon
<3>[   15.139984] Power Management for TI OMAP3.
<6>[   15.146911] 
<6>[   15.146911] MAPPHONE PMIC SR init...
<6>[   15.147216] SR1 : Fused Nvalues for 5 OPP
<6>[   15.147308] VDD1 - OPP5 -  1.2G Nvalue = 0xBBF4E2
<6>[   15.147491] VDD1 - OPP4 -  1G Nvalue = 0xAA8D82
<6>[   15.147613] VDD1 - OPP3 - 800 Nvalue = 0xAAB3A4
<6>[   15.147796] VDD1 - OPP2 - 600 Nvalue = 0xAAF1E0
<6>[   15.147918] VDD1 - OPP1 - 300 Nvalue = 0x99B8B0
<6>[   15.148223] SR2 : Fused Nvalues for 2 OPP
<6>[   15.148406] VDD2 - OPP2 - 200 Nvalue = 0xAAC8BC
<6>[   15.148529] VDD2 - OPP1 - 100 Nvalue = 0x99B8B5
<6>[   15.149383] SmartReflex driver initialized
<7>[   15.159057] Disabling unused clock "sr2_fck"
<7>[   15.159179] Disabling unused clock "sr1_fck"
<7>[   15.159393] Disabling unused clock "gpt2_ick"
<7>[   15.159515] Disabling unused clock "gpt3_ick"
<7>[   15.159637] Disabling unused clock "gpt4_ick"
<7>[   15.159820] Disabling unused clock "gpt5_ick"
<7>[   15.159942] Disabling unused clock "gpt6_ick"
<7>[   15.160125] Disabling unused clock "gpt7_ick"
<7>[   15.160247] Disabling unused clock "gpt8_ick"
<7>[   15.160339] Disabling unused clock "gpt9_ick"
<7>[   15.160552] Disabling unused clock "uart3_ick"
<7>[   15.160644] Disabling unused clock "gpio2_dbck"
<7>[   15.160766] Disabling unused clock "gpio3_dbck"
<7>[   15.160949] Disabling unused clock "gpio4_dbck"
<7>[   15.161071] Disabling unused clock "gpio5_dbck"
<7>[   15.161285] Disabling unused clock "gpio6_dbck"
<7>[   15.161376] Disabling unused clock "gpt9_fck"
<7>[   15.161499] Disabling unused clock "gpt8_fck"
<7>[   15.161682] Disabling unused clock "gpt7_fck"
<7>[   15.161804] Disabling unused clock "gpt6_fck"
<7>[   15.161987] Disabling unused clock "gpt5_fck"
<7>[   15.162109] Disabling unused clock "gpt4_fck"
<7>[   15.162200] Disabling unused clock "gpt3_fck"
<7>[   15.162414] Disabling unused clock "gpt2_fck"
<7>[   15.162506] Disabling unused clock "uart3_fck"
<7>[   15.162628] Disabling unused clock "wdt1_ick"
<7>[   15.162811] Disabling unused clock "usim_ick"
<7>[   15.162933] Disabling unused clock "gpio1_dbck"
<7>[   15.163116] Disabling unused clock "usim_fck"
<7>[   15.163238] Disabling unused clock "rng_ick"
<7>[   15.163360] Disabling unused clock "ssi_ick"
<7>[   15.163543] Disabling unused clock "mcbsp_ick"
<7>[   15.163665] Disabling unused clock "mcbsp_ick"
<7>[   15.163848] Disabling unused clock "gpt10_ick"
<7>[   15.163970] Disabling unused clock "gpt11_ick"
<7>[   15.164093] Disabling unused clock "mspro_ick"
<7>[   15.164276] Disabling unused clock "des2_ick"
<7>[   15.164398] Disabling unused clock "sha12_ick"
<7>[   15.164642] Disabling unused clock "aes2_ick"
<7>[   15.164764] Disabling unused clock "icr_ick"
<7>[   15.164886] Disabling unused clock "ssi_ssr_fck"
<7>[   15.165069] Disabling unused clock "mcbsp_fck"
<7>[   15.165191] Disabling unused clock "mcbsp_fck"
<7>[   15.165313] Disabling unused clock "mspro_fck"
<7>[   15.165496] Disabling unused clock "cpefuse_fck"
<7>[   15.165618] Disabling unused clock "gpt11_fck"
<7>[   15.165802] Disabling unused clock "gpt10_fck"
<7>[   15.165924] Disabling unused clock "dpll4_m6x2_ck"
<7>[   15.166046] Disabling unused clock "dpll3_m3x2_ck"
<7>[   15.166229] Disabling unused clock "sys_clkout1"
<3>[   15.187286] sr_recalibrate: 2:2 autocomp was disabled
<6>[   15.187805] VFP support v0.3: implementor 41 architecture 3 part 30 variant c rev 3
<3>[   15.190307] regulator_check_voltage: operation not allowed for vusb
<6>[   15.191009] cpcap_usb_det cpcap_usb_det: CPCAP USB detection device probed
<6>[   15.195404] cpcap_rtc cpcap_rtc: setting system clock to 2010-10-13 23:48:06 UTC (1287013686)
<7>[   15.195678] ov5650_sensor_power_set: power on
<6>[   15.199127] mapphone_camera_reg_power - enable vcam
<6>[   15.200317] mapphone_camera_reg_power - enable vwlan1
<6>[   15.275970] ov5650 Chip version 0x1c detected
<7>[   15.276031] ov5650_sensor_power_set: power off
<6>[   15.276184] mapphone_camera_reg_power - disable vcam
<6>[   15.276397] mapphone_camera_reg_power - disable vwlan1
<6>[   15.290039] video4linux video0: video0 is now omap3/ov5650//
<6>[   15.291473] HP_GEN_LENS 3-0004: lens probe called....
<6>[   15.291564] video4linux video0: video0 is now omap3/ov5650/hplens/
<3>[   15.291717] Registered hplens as V4L2 device.
<6>[   15.292205] Freeing init memory: 180K
<4>[   15.292358] Warning: unable to open an initial console.
<6>[   15.313934] cpcap spi1.0: notify_accy: accy=0
<6>[   15.316680] musb_pullup - Disabling USB Pullups 
<6>[   15.344665] qtouch_force_reset: Forcing HW reset
<3>[   15.344757] Unable to get gpio pin num for touch_pwr_en
<6>[   15.482910] do_cmd_proc_msg:EEPROM checksum mismatch 0x  50DAD0
<6>[   15.483001] qtouch_hw_init: Doing hw init
<6>[   15.492248] qtouch_force_calibration: Forcing calibration
<6>[   15.505645] keychord: using input dev sholes-keypad for fevent
<6>[   15.513305] kjournald starting.  Commit interval 5 seconds
<6>[   15.525665] EXT3 FS on mmcblk1p21, internal journal
<6>[   15.525817] EXT3-fs: mounted filesystem with ordered data mode.
<6>[   16.001190] qtouch_force_calibration: Forcing calibration
<6>[   16.001678] do_cmd_proc_msg: Reset done.
<6>[   16.001831] do_cmd_proc_msg: Self-calibration started.
<6>[   19.720458] kjournald starting.  Commit interval 5 seconds
<6>[   19.723632] EXT3 FS on mmcblk1p24, internal journal
<6>[   19.723785] EXT3-fs: mounted filesystem with ordered data mode.
<6>[   19.836944] kjournald starting.  Commit interval 5 seconds
<6>[   19.840270] EXT3 FS on mmcblk1p22, internal journal
<6>[   19.840423] EXT3-fs: mounted filesystem with ordered data mode.
<6>[   19.881042] CPUFREQ: Per core ondemand sysfs interface is deprecated - up_threshold
<6>[   19.881286] CPUFREQ: Per core ondemand sysfs interface is deprecated - sampling_rate
<6>[   19.881439] sr_vdd1_autocomp: Already set to 1 
<6>[   19.971405] kjournald starting.  Commit interval 5 seconds
<6>[   19.975921] EXT3 FS on mmcblk1p7, internal journal
<6>[   19.976165] EXT3-fs: mounted filesystem with ordered data mode.
<6>[   20.097778] kjournald starting.  Commit interval 5 seconds
<6>[   20.101074] EXT3 FS on mmcblk1p23, internal journal
<6>[   20.101379] EXT3-fs: mounted filesystem with ordered data mode.
<6>[   20.126525] Inserting sec module
<4>[   20.196441] Mirror/redirect action on
<4>[   20.244323] u32 classifier
<4>[   20.244476]     Actions configured 
<6>[   20.289855] VPNClient built on Oct 11 2010 15:36:02
<3>[   20.820037] init: service 'console' requires console
<3>[   20.826080] init: cannot find '/system/bin/telnetd', disabling 'telnet'
<6>[   20.841186] enabling adb
<3>[   20.869415] init: cannot find '/system/bin/catcommands', disabling 'catcommands'
<6>[   20.907318] adb_open
<3>[   20.999908] init: cannot find '/system/etc/install-recovery.sh', disabling 'flash_recovery'
<6>[   21.554443] SMC: SecureCRC=0x03E75215
<3>[   21.565155] SMC: PA load failed [0x44]
<6>[   21.629425] warning: `rild' uses 32-bit capabilities (legacy support in use)
<6>[   21.637084] cpcap spi1.0: CPCAP uC: open status:0
<6>[   21.717224] SMC PA: INFO 00000001 00:00:00.000 ------ ------ ---------------- Booting... (t=23:48:12.957) SMC 2.7.0.24149     /HW Token Service Integrat
<6>[   21.722778] SMC PA: INFO 00000002 00:00:00.000 ------ ------ ---------------- ion
<6>[   21.839355] SMC PA: INFO 00000003 00:00:00.000 P-001D T-0030 IPRM decode ---- SSPICreate
<6>[   21.858551] SMC PA: INFO 00000004 00:00:00.000 ------ ------ ---------------- Booted
<3>[   21.874694] init: untracked pid 1253 exited
<4>[   21.919036] [TX]: {0xf9}{0x05}?{0x01}{0xbf}{0xf9}
<4>[   21.958282] [RX]: {0xf9}{0x07}s{0x01}{0x15}{0xf9}
<4>[   21.959320] [TX]: {0xf9}{0x09}?{0x01}8{0xf9}
<4>[   22.156005] [RX]: {0xf9}{0x0b}s{0x01}{0x92}{0xf9}
<4>[   22.157226] [TX]: {0xf9}{0x0d}?{0x01}{0xfa}{0xf9}
<6>[   22.305297] cdma-modem 1-3:1.0: modem_suspend: port not open yet 
<6>[   22.305511] cdma-modem 1-3:1.1: modem_suspend: port not open yet 
<6>[   22.305694] cdma-modem 1-3:1.2: modem_suspend: port not open yet 
<6>[   22.305816] cdma-modem 1-3:1.3: modem_suspend: port not open yet 
<6>[   22.305999] cdma-modem 1-3:1.4: modem_suspend: port not open yet 
<4>[   22.351165] [RX]: {0xf9}{0x0f}s{0x01}P{0xf9}
<4>[   22.352569] [TX]: {0xf9}{0x11}?{0x01}{0xf7}{0xf9}
<7>[   22.531555] --------Audio Platform Config-------
<7>[   22.531555] Analog Downlink: false
<7>[   22.531555] Independent BT bus: false
<7>[   22.531555] I2S BP: true
<7>[   22.531585] 19Mhz BP: true
<7>[   22.531585] Mic3: false
<7>[   22.531585] Stereo Loudspeaker: false
<7>[   22.533325] --------CPCAP register dump---------
<7>[   22.533477]  0x200 (512) = 0x75
<7>[   22.533508]  0x201 (513) = 0x0
<7>[   22.533508]  0x202 (514) = 0x0
<7>[   22.533508]  0x203 (515) = 0x0
<7>[   22.533508]  0x204 (516) = 0x0
<7>[   22.533508]  0x205 (517) = 0x0
<7>[   22.533508]  0x206 (518) = 0x0
<7>[   22.533538]  0x207 (519) = 0x0
<7>[   22.533538]  0x208 (520) = 0x0
<7>[   22.533538]  0x209 (521) = 0x0
<7>[   22.533538]  0x20A (522) = 0x0
<7>[   22.533538]  0x20B (523) = 0x0
<7>[   22.533538]  0x20C (524) = 0x0
<7>[   22.533569]  0x20D (525) = 0x30
<7>[   22.535888] -------End Audio Driver Dump--------
<6>[   22.536071] AUDIO_DRIVER:spkr1 = 0x0, spkr2 = 0x0
<4>[   22.549377] [RX]: {0xf9}{0x13}s{0x01}]{0xf9}
<4>[   22.550903] [TX]: {0xf9}{0x15}?{0x01}5{0xf9}
<7>[   22.560119] turning off regulator
<7>[   22.566986] turning off regulator
<7>[   22.574249] turning off regulator
<7>[   22.580383] turning off regulator
<7>[   22.587493] turning off regulator
<4>[   22.593078] [TX]: {0xf9}{0x0b}{0xef}{0x1f}U0001AT+CLVL
<4>[   22.595397] [TX]: =0{0x00}F{0xf9}
<4>[   22.631286] [RX]: {0xf9}{0x17}s{0x01}{0x9f}{0xf9}
<4>[   22.632873] [TX]: {0xf9}{0x19}?{0x01}{0xb2}{0xf9}
<4>[   22.858917] [RX]: {0xf9}{0x1b}s{0x01}{0x18}{0xf9}
<4>[   22.862396] [TX]: {0xf9}%?{0x01}j{0xf9}
<4>[   22.865722] [RX]: {0xf9}{0x0b}{0xef}{0x1d}U0001+CLVL:OK{0x0a}{0xa5}{0xf9}
<4>[   22.980163] [RX]: {0xf9}'s{0x01}{0xc0}{0xf9}
<4>[   22.983276] [TX]: {0xf9})?{0x01}{0xed}{0xf9}
<4>[   23.133422] [RX]: {0xf9}+s{0x01}G{0xf9}
<4>[   23.139007] [TX]: {0xf9}{0x0b}{0xef}{0x1f}U0002AT+CLVL
<4>[   23.143585] [TX]: =7{0x00}F{0xf9}
<4>[   23.149291] [TX]: {0xf9}{0x17}{0xef}5U0003AT+GRDE
<4>[   23.154022] [TX]: =10002,0,0,0{0x0d}{0x00}{0x9e}{0xf9}
<4>[   23.163330] [TX]: {0xf9}{0x1b}{0xef}{0x89}U0004AT+VERS
<4>[   23.168029] [TX]: ION=SHOLES_C_S27
<4>[   23.172607] [TX]: 3,dsun3_DPRO_COM
<4>[   23.177337] [TX]: MON_MOTO_RIL_01.
<4>[   23.181884] [TX]: 51.00R{0x0a}{0x00}{0xd4}{0xf9}
<4>[   23.956878] [TX]: circ_empty = 1, tx_stopped = 0
<4>[   24.038848] [RX]: {0xf9}{0x0b}{0xef}{0x1d}U0002+CLVL:OK{0x0a}{0xa5}{0xf9}
<4>[   24.091369] [RX]: {0xf9}{0x1b}{0xef}{0xd3}U0004+VERSION=mdm6600bp_n_01.42.00s.dsun3.droidpro.b7ae59e_b8d4b5e.3800,021.0R,XSADRDWE05VRZNA021.0R,???{0x0a}U{0xf9}
<4>[   24.102386] [TX]: {0xf9}{0x1b}{0xef}%U0005AT+ECCL
<4>[   24.103881] [TX]: IST?{0x0a}{0x00}{0x05}{0xf9}
<4>[   24.182952] [RX]: {0xf9}{0x17}{0xef}=U0003+GRDE=10002,0,0,3,000200{0x0a}{0x90}{0xf9}
<4>[   24.188385] [TX]: {0xf9}{0x17}{0xef}3U0006AT+GRDE
<4>[   24.189910] [TX]: =8001,0,0,0{0x0d}{0x00}z{0xf9}
<4>[   24.587463] [RX]: {0xf9}{0x1b}{0xef}CU0005+ECCLIST=911,#911,*911,112,{0x0a}{0xa9}{0xf9}
<4>[   24.629241] [RX]: {0xf9}{0x17}{0xef}2{0x02}U0006+GRDE=8001,0,0,128,4B4155473030343841
<4>[   24.633331] [RX]: 4120202020202020202020204B44503030593030313830305
<4>[   24.637573] [RX]: 92050333030303059204B414C4734303234414144524F49
<4>[   24.641662] [RX]: 44325F5745200A071D102842303030300F202020202020
<4>[   24.645629] [RX]: 202020202020202020208181818100000000FFFF20202020
<4>[   24.649810] [RX]: 202020202020202020202020202020202020202046431
<4>[   24.653717] [RX]: 8F8{0x0a}{0x07}{0xf9}{0xf9}+{0xef}IU0007~+MSIM=1,1,1,0,0,3,1,3,3,3,3,3{0x0a}{0x1b}{0xf9}
<6>[   27.730895] Panel is turned on 
<6>[   38.119110] request_suspend_state: wakeup (3->0) at 24814056404 (2010-10-13 23:48:29.423675496 UTC)
<6>[   39.112243] TIWLAN: driver init
<6>[   39.112365] TIWLAN SDIO init
<4>[   39.112731] in sdio_init() sdcnum= 3 
<4>[   39.112976] in sdioDrv_init(), before platform_driver_register(&sdioDrv_struct)
<6>[   39.113250] TIWLAN SDIO probe: initializing mmc3 device
<4>[   39.113403] Configuring SDIO DMA registers!!!
<4>[   39.113494] pdev->id is 2!!!
<4>[   39.141479] hPlatform_Wlan_Hardware_Init
<4>[   39.141571] wifi_add_dev
<4>[   39.141815] wifi_probe
<4>[   39.146240] wifi_set_power = 0
<4>[   39.146392] mapphone_wifi_power: 0
<4>[   39.164581] drv->irq = 225, 2
<7>[   39.172180] turning off regulator
<4>[   39.193725] [TX]: {0xf9}{0x17}{0xef}3U0007AT+GRDE
<4>[   39.195220] [TX]: =8013,1,0,4{0x0d}{0x00}z{0xf9}{0xf9}
<4>[   39.196716] [TX]: {0x13}{0xef}'U0008AT+MPDIN
<4>[   39.198272] [TX]: IT=1{0x0a}{0x00}{0xa3}{0xf9}
<4>[   39.682189] [TX]: circ_empty = 1, tx_stopped = 0
<4>[   39.751831] [RX]: {0xf9}{0x17}{0xef}#U0007+GRDE=ERROR{0x0a}f{0xf9}
<4>[   39.796264] [RX]: {0xf9}{0x13}{0xef}#U0008+MPDINIT:OK{0x0a}{0xa4}{0xf9}
<6>[   39.827789] input: sensors as /devices/virtual/input/input7
<4>[   40.396362] wlanDrvIf_Open
<4>[   40.396453] wlanDrvIf_Start
<6>[   40.722778] TIWLAN: 991.977198: pInitParams->RoamingScanning_2_4G_enable 0 
<4>[   40.731079] wifi_set_power = 1
<4>[   40.731231] mapphone_wifi_power: 1
<4>[   40.750701] wifi_set_power = 0
<4>[   40.750793] mapphone_wifi_power: 0
<4>[   40.773986] wifi_set_power = 1
<4>[   40.774139] mapphone_wifi_power: 1
<6>[   40.852233] TIWLAN SDIO sdioDrv_InitHw()!!SDIO clock Configuration is now set to 24Mhz
<6>[   40.852691] TIWLAN: 992.107111: CHIP VERSION... set 1273 chip top registers
<6>[   40.853485] TIWLAN: 992.107905: Working on a 1273 PG 2.0 board.
<6>[   40.853637] TIWLAN: 992.108057: Starting to process NVS...
<6>[   40.853698] TIWLAN: 992.108118: NVS found, EEPROM Image addr=0xdb966d00, EEPROM Len=0x0x1d4
<6>[   40.854125] TIWLAN: 992.108545: Chip ID is 0x4030111.
<6>[   40.854553] TIWLAN: 992.108973: FEM Type 1 
<6>[   40.854827] TIWLAN: 992.109247: Starting to download firmware...
<6>[   40.886840] TIWLAN: 992.141260: Starting to download firmware...
<6>[   40.894470] TIWLAN: 992.148859: Starting to download firmware...
<6>[   40.894653] TIWLAN: 992.149073: Starting to download firmware...
<6>[   40.897308] TIWLAN: 992.151728: Starting to download firmware...
<6>[   40.898742] TIWLAN: 992.153162: Starting to download firmware...
<6>[   40.899353] TIWLAN: 992.153772: Finished downloading firmware.
<6>[   40.899505] TIWLAN: 992.153925: Firmware running.
<6>[   40.929351] ADDRCONF(NETDEV_UP): tiwlan0: link is not ready
<6>[   40.941223] TIWLAN: 992.195643: 
<6>[   40.941406] TIWLAN: 992.195826: --------------------------------------------------------------------
<6>[   40.941558] TIWLAN: 992.195948: Driver Version  : WiLink_Driver_6.1.0.0.131
<6>[   40.941619] TIWLAN: 992.196039: Firmware Version: Rev 6.1.5.44.7
<6>[   40.943725] TIWLAN: 992.198145: Station ID      : F8-7B-7A-F2-89-9E
<6>[   40.943817] TIWLAN: 992.198237: --------------------------------------------------------------------
<6>[   40.943969] TIWLAN: 992.198389: 
<6>[   40.988677] TIWLAN: 992.243097: Interrogate TX/RX parameters
<6>[   43.203552] usb_ether_get_stats
<6>[   43.258636] usb_ether_get_stats
<6>[   43.386352] usb_ether_get_stats
<6>[   43.411437] usb_ether_get_stats
<6>[   43.436279] usb_ether_get_stats
<4>[   46.565612] [TX]: {0xf9}{0x07}{0xef}!U0009AT+SCRN
<4>[   46.567138] [TX]: =1{0x0d}{0x00}{0x0f}{0xf9}
<4>[   46.746002] [RX]: {0xf9}{0x07}{0xef}{0x1d}U0009+SCRN:OK{0x0a}"{0xf9}
<4>[   46.785552] [RX]: {0xf9}{0x07}{0xef}AU0008~+CREG=0,0,0,0,0,0,0,0,0,0{0x0a}G{0xf9}
<4>[   46.817596] [TX]: {0xf9}+{0xef}{0x1f}U0010AT+CPIN
<4>[   46.819122] [TX]: ?{0x0a}{0x00}{0x93}{0xf9}
<4>[   46.957397] [RX]: {0xf9}+{0xef}3U0010+CPIN=3,1,3,3,3,3,3{0x0a}{0xa2}{0xf9}
<4>[   46.962036] [TX]: {0xf9}+{0xef}!U0011AT+MSAT
<4>[   46.963531] [TX]: SR{0x0a}{0x00}]{0xf9}
<4>[   47.314910] [TX]: circ_empty = 1, tx_stopped = 0
<4>[   47.330322] [RX]: {0xf9}+{0xef}{0x1f}U0011+MSATSR=0{0x0a}{0x93}{0xf9}
<7>[   49.349273] turning off regulator
<4>[   51.240722] [TX]: {0xf9}{0x0b}{0xef}{0x1d}U0012AT+TTY=
<4>[   51.242248] [TX]: 0{0x00}{0xa5}{0xf9}{0xf9}{0x07}{0xef}!U0013AT+
<4>[   51.243713] [TX]: CFUN=1{0x0d}{0x00}{0x0f}{0xf9}
<7>[   51.348266] turning off regulator
<4>[   51.408935] [TX]: {0xf9}{0x17}{0xef}5U0014AT+GRDE
<4>[   51.410461] [TX]: =10000,0,0,0{0x0d}{0x00}{0x9e}{0xf9}
<4>[   51.873413] [TX]: circ_empty = 1, tx_stopped = 0
<4>[   51.896911] [RX]: {0xf9}{0x07}{0xef}{0x1d}U0013+CFUN:OK{0x0a}"{0xf9}
<4>[   51.903594] [TX]: {0xf9}{0x07}{0xef}{0x1f}U0015AT+COPS
<4>[   51.905090] [TX]: ?{0x0d}{0x00}{0xc1}{0xf9}
<4>[   51.905792] [RX]: {0xf9}{0x0b}{0xef}{0x1b}U0012+TTY:OK{0x0a}A{0xf9}
<4>[   51.909454] [TX]: {0xf9}+{0xef}{0x1f}U0016AT+CPIN
<4>[   51.910949] [TX]: ?{0x0a}{0x00}{0x93}{0xf9}
<4>[   51.938385] [RX]: {0xf9}{0x17}{0xef}oU0014+GRDE=10000,0,0,15,6E5F30312E34322E303
<4>[   51.942474] [RX]: 0732E647300{0x0a}{0x1f}{0xf9}
<4>[   51.948120] [TX]: {0xf9}{0x17}{0xef}/U0017AT+GRDE
<4>[   51.949676] [TX]: =24,0,0,0{0x0d}{0x00}o{0xf9}
<4>[   52.084686] [RX]: {0xf9}{0x07}{0xef}AU0009~+CREG=0,0,0,0,0,0,0,0,0,0{0x0a}G{0xf9}
<6>[   52.143218] AUDIO_DRIVER:spkr1 = 0x20, spkr2 = 0x0
<4>[   52.260345] [RX]: {0xf9}{0x07}{0xef}#U0015+COPS=ERROR{0x0a}{0xec}{0xf9}
<4>[   52.264739] [RX]: {0xf9}+{0xef}3U0016+CPIN=3,1,3,3,3,3,3{0x0a}{0xa2}{0xf9}
<4>[   52.267791] [TX]: {0xf9}{0x07}{0xef}{0x1f}U0018AT+CREG
<4>[   52.269134] [RX]: {0xf9}{0x17}{0xef}KU0017+GRDE=24,0,0,8,386921220000A000{0x0a} {0xf9}
<4>[   52.272460] [TX]: ?{0x0d}{0x00}{0xc1}{0xf9}
<4>[   52.275207] [TX]: {0xf9}+{0xef}%U0019AT+CLCK
<4>[   52.276702] [TX]: =1,2{0x0a}{0x00}Z{0xf9}
<4>[   52.291961] [TX]: {0xf9}{0x17}{0xef}/U0020AT+GRDE
<4>[   52.293457] [TX]: =40,0,0,0{0x0d}{0x00}o{0xf9}
<4>[   52.377685] [RX]: {0xf9}{0x07}{0xef}?U0018+CREG=0,0,0,0,0,0,0,0,0,0{0x0a}{0xf9}{0xf9}
<4>[   52.382598] [RX]: {0xf9}+{0xef}{0x1f}U0019+CLCK=0,0{0x0a}{0x93}{0xf9}
<4>[   52.384948] [TX]: {0xf9}{0x07}{0xef}{0x1f}U0021AT+COPS
<4>[   52.386444] [TX]: ?{0x0d}{0x00}{0xc1}{0xf9}{0xf9}+{0xef}%U0022AT
<4>[   52.387817] [RX]: {0xf9}{0x17}{0xef}OU0020+GRDE=40,0,0,9,080A00000011325406{0x0a}'{0xf9}
<4>[   52.391204] [TX]: +CLCK=2,2{0x0a}{0x00}Z{0xf9}
<4>[   52.399475] [TX]: {0xf9}{0x17}{0xef}/U0023AT+GRDE
<4>[   52.400970] [TX]: =41,0,0,0{0x0d}{0x00}o{0xf9}
<4>[   52.496276] [RX]: {0xf9}{0x07}{0xef}#U0021+COPS=ERROR{0x0a}{0xec}{0xf9}
<4>[   52.501037] [RX]: {0xf9}+{0xef}{0x1b}U00
<4>[   52.501708] [TX]: {0xf9}{0x07}{0xef}{0x1f}U0024AT+CREG
<4>[   52.503021] [RX]: 22+CLCK=0{0x0a}{0x94}{0xf9}
<4>[   52.504028] [TX]: ?{0x0d}{0x00}{0xc1}{0xf9}
<4>[   52.506011] [RX]: {0xf9}{0x17}{0xef}/U0023+GRDE=41,0,0,1,01{0x0a}o{0xf9}
<4>[   52.509735] [TX]: {0xf9}{0x17}{0xef}+U0025AT+GRDE
<4>[   52.511291] [TX]: =8,0,0,0{0x00}h{0xf9}
<4>[   52.517303] [TX]: {0xf9}+{0xef}%U0026AT+CLCK
<4>[   52.518798] [TX]: =3,2{0x0a}{0x00}Z{0xf9}
<4>[   52.621795] [RX]: {0xf9}{0x07}{0xef}?U0024+CREG=0,0,0,0,0,0,0,0,0,0{0x0a}{0xf9}{0xf9}
<4>[   52.626159] [TX]: {0xf9}{0x07}{0xef}{0x1d}U0027AT+CLCC
<4>[   52.627624] [RX]: {0xf9}+{0xef}{0x1f}U0026+CLCK=0,0{0x0a}{0x93}{0xf9}
<4>[   52.629394] [TX]: {0x0d}{0x00}"{0xf9}
<4>[   52.631683] [RX]: {0xf9}{0x17}{0xef}oU0025+GRDE=8,0,0,17,000A08040704060A0801060A0
<4>[   52.635925] [RX]: 000000000{0x0a}{0x1f}{0xf9}
<4>[   52.641784] [TX]: {0xf9}{0x17}{0xef}-U0028AT+GRDE
<4>[   52.643310] [TX]: =25,0,0,0{0x00}{0x8c}{0xf9}
<4>[   52.645050] [TX]: {0xf9}+{0xef}KU0029AT+CRSM
<4>[   52.646545] [TX]: =192,12258,0,0,1
<4>[   52.648010] [TX]: 5,,3F00{0x0a}{0x00}{0xf8}{0xf9}
<4>[   52.750305] [RX]: {0xf9}{0x07}{0xef}{0x19}U0027+CLCC:{0x0a}%{0xf9}
<4>[   52.759124] [TX]: {0xf9}{0x07}{0xef}{0x1f}U0030AT+COPS
<4>[   52.760681] [TX]: ?{0x0d}{0x00}{0xc1}{0xf9}
<4>[   52.785614] [RX]: {0xf9}{0x17}{0xef}OU0028+GRDE=25,0,0,9,003BE059003BE05900{0x0a}'{0xf9}
<4>[   52.798095] [TX]: {0xf9}{0x17}{0xef}-U0031AT+GRDE
<4>[   52.799621] [TX]: =26,0,0,0{0x00}{0x8c}{0xf9}
<4>[   52.873992] [RX]: {0xf9}+{0xef}aU0029+CRSM=144,0,0000000a2fe204000f00ff01020000{0x0a}-{0xf9}
<4>[   52.905670] [RX]: {0xf9}{0x07}{0xef}#U0030+COPS=ERROR{0x0a}{0xec}{0xf9}
<4>[   52.909790] [RX]: {0xf9}{0x07}{0xef}GU0010~+RSSI=1,8,116,99,0,0,6431907{0x0a}{0xa3}{0xf9}
<4>[   52.914367] [RX]: {0xf9}{0x07}{0xef}AU0011~+CREG=0,0,0,0,0,0,0,0,0,0{0x0a}G{0xf9}
<4>[   52.917907] [TX]: {0xf9}{0x07}{0xef}{0x1f}U0032AT+CREG
<4>[   52.919433] [TX]: ?{0x0d}{0x00}{0xc1}{0xf9}
<4>[   52.920471] [RX]: {0xf9}{0x07}{0xef}SU0012~+GSYST=2010,10,2,13,23,48,44,-10,1{0x0a}{0xb8}{0xf9}
<4>[   52.924652] [RX]: {0xf9}{0x17}{0xef}?U0031+GRDE=26,0,0,5,00E002E002{0x0a}s{0xf9}
<4>[   52.935668] [TX]: {0xf9}{0x17}{0xef}-U0033AT+GRDE
<4>[   52.937164] [TX]: =15,0,0,0{0x00}{0x8c}{0xf9}
<4>[   53.012847] [RX]: {0xf9}{0x07}{0xef}GU0032+CREG=5,3,657,0,0,20,4,64,1,0{0x0a}{0xa3}{0xf9}
<4>[   53.024414] [TX]: {0xf9}{0x07}{0xef}{0x1f}U0034AT+COPS
<4>[   53.025939] [TX]: ?{0x0d}{0x00}{0xc1}{0xf9}
<4>[   53.050476] [RX]: {0xf9}{0x17}{0xef}p{0x01}U0033+GRDE=15,0,0,81,001400FFFF000000000000
<4>[   53.054626] [RX]: 0000000000000000000000000000000000000000000000
<4>[   53.058624] [RX]: 00000000000000000000000000000000000000000000
<4>[   53.062438] [RX]: 000000000000000000000000000000000000000000000000
<4>[   53.066741] [RX]: 00{0x0a}{0xfb}{0xf9}
<4>[   53.071228] [TX]: {0xf9}{0x17}{0xef}3U0035AT+GRDE
<4>[   53.072723] [TX]: =10001,0,0,0{0x00}z{0xf9}
<4>[   53.124908] [RX]: {0xf9}{0x07}{0xef}IU0013~+RSSI=1,10,110,99,0,0,6431907{0x0a}I{0xf9}
<4>[   53.158996] [RX]: {0xf9}{0x07}{0xef}AU0014~+CREG=0,0,0,0,0,0,0,0,0,0{0x0a}G{0xf9}
<4>[   53.163055] [RX]: {0xf9}{0x07}{0xef}SU0015~+GSYST=2010,10,2,13,23,48,44,-10,1{0x0a}{0xb8}{0xf9}{0xf9}{0x07}{0xef}AU0
<4>[   53.167694] [RX]: 016~+CREG=0,0,0,0,0,0,0,0,0,0{0x0a}G{0xf9}
<4>[   53.171234] [RX]: {0xf9}{0x07}{0xef}SU0017~+GSYST=2010,10,2,13,23,48,44,-10,1{0x0a}{0xb8}{0xf9}{0xf9}{0x07}{0xef}+U0034
<4>[   53.176086] [RX]: +COPS=0,,,00000{0x0a}{0xe2}{0xf9}
<4>[   53.179779] [RX]: {0xf9}{0x17}{0xef}9U0035+GRDE=10001,0,0,2,2BCB{0x0a}{0x97}{0xf9}
<4>[   53.182952] [TX]: {0xf9}{0x07}{0xef}{0x1f}U0036AT+CREG
<4>[   53.184478] [TX]: ?{0x0d}{0x00}{0xc1}{0xf9}
<4>[   53.185058] [TX]: {0xf9}{0x17}{0xef}1U0037AT+GRDE
<4>[   53.186523] [TX]: =8007,0,0,0{0x00}{0x99}{0xf9}
<4>[   53.266906] [RX]: {0xf9}{0x07}{0xef}GU0036+CREG=5,1,657,0,0,20,4,64,1,0{0x0a}{0xa3}{0xf9}
<4>[   53.304809] [RX]: {0xf9}{0x17}{0xef}3U0037+GRDE=8007,0,0,1,00{0x0a}z{0xf9}
<4>[   53.445556] [RX]: {0xf9}{0x07}{0xef}IU0018~+RSSI=1,11,106,99,0,0,6431907{0x0a}I{0xf9}
<4>[   53.603668] [TX]: {0xf9}+{0xef}KU0038AT+CRSM
<4>[   53.605163] [TX]: =176,12258,0,0,1
<4>[   53.606658] [TX]: 0,,3F00{0x0a}{0x00}{0xf8}{0xf9}
<4>[   53.660369] [RX]: {0xf9}+{0xef}MU0038+CRSM=144,0,981344304316021358f5{0x0a}{0x1c}{0xf9}
<4>[   54.403289] [TX]: {0xf9}{0x07}{0xef}{0x1f}U0039AT+COPS
<4>[   54.404785] [TX]: ?{0x0d}{0x00}{0xc1}{0xf9}
<4>[   54.433898] [RX]: {0xf9}{0x07}{0xef}+U0039+COPS=0,,,00000{0x0a}{0xe2}{0xf9}
<4>[   54.438507] [TX]: {0xf9}{0x07}{0xef}{0x1f}U0040AT+CREG
<4>[   54.440002] [TX]: ?{0x0d}{0x00}{0xc1}{0xf9}
<4>[   54.492523] [RX]: {0xf9}{0x07}{0xef}GU0040+CREG=5,1,657,0,0,20,4,64,1,0{0x0a}{0xa3}{0xf9}
<4>[   54.575103] [TX]: {0xf9}{0x07}{0xef}{0x1f}U0041AT+COPS
<4>[   54.576599] [TX]: ?{0x0d}{0x00}{0xc1}{0xf9}
<4>[   54.605377] [RX]: {0xf9}{0x07}{0xef}+U0041+COPS=0,,,00000{0x0a}{0xe2}{0xf9}
<4>[   54.610382] [TX]: {0xf9}{0x07}{0xef}{0x1f}U0042AT+CREG
<4>[   54.611846] [TX]: ?{0x0d}{0x00}{0xc1}{0xf9}
<4>[   54.666076] [RX]: {0xf9}{0x07}{0xef}GU0042+CREG=5,1,657,0,0,20,4,64,1,0{0x0a}{0xa3}{0xf9}
<4>[   54.672943] [TX]: {0xf9}{0x07}{0xef}{0x1f}U0043AT+COPS
<4>[   54.674438] [TX]: ?{0x0d}{0x00}{0xc1}{0xf9}
<4>[   54.727111] [RX]: {0xf9}{0x07}{0xef}+U0043+COPS=0,,,00000{0x0a}{0xe2}{0xf9}
<4>[   54.735412] [TX]: {0xf9}{0x07}{0xef}{0x1f}U0044AT+CREG
<4>[   54.736907] [TX]: ?{0x0d}{0x00}{0xc1}{0xf9}
<4>[   54.784759] [RX]: {0xf9}{0x07}{0xef}GU0044+CREG=5,1,657,0,0,20,4,64,1,0{0x0a}{0xa3}{0xf9}
<4>[   54.801757] [TX]: {0xf9}{0x17}{0xef}1U0045AT+GRDE
<4>[   54.803253] [TX]: =8008,0,0,0{0x00}{0x99}{0xf9}
<4>[   54.852203] [RX]: {0xf9}{0x17}{0xef}?U0045+GRDE=8008,0,0,4,04000000{0x0a}s{0xf9}
<4>[   55.681518] [TX]: circ_empty = 1, tx_stopped = 0
<4>[   55.688812] [RX]: {0xf9}{0x07}{0xef}IU0019~+RSSI=1,12,104,99,0,0,6431907{0x0a}I{0xf9}
<4>[   55.862457] [TX]: circ_empty = 1, tx_stopped = 0
<4>[   55.869201] [RX]: {0xf9}{0x07}{0xef}AU0020~+RSSI=1,13,102,1,8,125,61{0x0a}G{0xf9}
<4>[   55.874206] [RX]: {0xf9}{0x07}{0xef}AU0021~+CREG=0,0,0,0,0,0,0,0,0,0{0x0a}G{0xf9}
<4>[   55.878356] [RX]: {0xf9}{0x07}{0xef}SU0022~+GSYST=2010,10,2,13,23,48,47,-10,1{0x0a}{0xb8}
<4>[   55.882110] [RX]: {0xf9}
<7>[   55.920745] turning off regulator
<4>[   56.031707] [TX]: {0xf9}{0x07}{0xef}{0x1f}U0046AT+COPS
<4>[   56.033264] [TX]: ?{0x0d}{0x00}{0xc1}{0xf9}
<4>[   56.061614] [RX]: {0xf9}{0x07}{0xef}+U0046+COPS=0,,,00000{0x0a}{0xe2}{0xf9}
<4>[   56.071350] [TX]: {0xf9}{0x07}{0xef}{0x1f}U0047AT+CREG
<4>[   56.072845] [TX]: ?{0x0d}{0x00}{0xc1}{0xf9}
<4>[   56.119659] [RX]: {0xf9}{0x07}{0xef}GU0047+CREG=5,5,657,0,0,20,4,64,1,0{0x0a}{0xa3}{0xf9}
<4>[   56.330139] [RX]: {0xf9}{0x07}{0xef}AU0023~+RSSI=1,14,101,1,0,118,63{0x0a}G{0xf9}
<4>[   56.367523] [RX]: {0xf9}{0x07}{0xef}AU0024~+CREG=0,0,0,0,0,0,0,0,0,0{0x0a}G{0xf9}
<4>[   56.372497] [RX]: {0xf9}{0x07}{0xef}SU0025~+GSYST=2010,10,2,13,23,48,47,-10,1{0x0a}{0xb8}{0xf9}
<4>[   57.310943] [TX]: {0xf9}{0x17}{0xef}1U0048AT+GRDE
<4>[   57.312438] [TX]: =8010,0,0,0{0x00}{0x99}{0xf9}
<4>[   57.340698] [TX]: {0xf9}{0x07}{0xef}{0x1f}U0049AT+COPS
<4>[   57.342193] [TX]: ?{0x0d}{0x00}{0xc1}{0xf9}
<4>[   57.375091] [RX]: {0xf9}{0x07}{0xef}+U0049+COPS=0,,,00000{0x0a}{0xe2}{0xf9}
<4>[   57.383819] [TX]: {0xf9}{0x07}{0xef}{0x1f}U0050AT+CREG
<4>[   57.385314] [TX]: ?{0x0d}{0x00}{0xc1}{0xf9}
<4>[   57.412078] [RX]: {0xf9}{0x17}{0xef}{0xc2}{0x01}U0048+GRDE=8010,0,0,100,626D67772E6D79767A772E636F
<4>[   57.416839] [RX]: 6D00000000000000000000000000000000000000000000
<4>[   57.420837] [RX]: 00000000000000000000000000000000000000000000000
<4>[   57.424926] [RX]: 0000000000000000000000000000000000000000000000
<4>[   57.428894] [RX]: 00000000000000000000000000000000000{0x0a}{0xb6}{0xf9}
<4>[   57.501525] [TX]: {0xf9}{0x17}{0xef}1U0051AT+GRDE
<4>[   57.503082] [TX]: =8011,0,0,0{0x00}{0x99}{0xf9}
<4>[   57.508148] [RX]: {0xf9}{0x07}{0xef}GU0050+CREG=5,5,657,0,0,20,4,64,1,0{0x0a}{0xa3}{0xf9}
<4>[   57.576263] [RX]: {0xf9}{0x17}{0xef}{0xc2}{0x01}U0051+GRDE=8011,0,0,100,35303630000000000000000
<4>[   57.580780] [RX]: 000000000000000000000000000000000000000000000000
<4>[   57.584930] [RX]: 0000000000000000000000000000000000000000000000000
<4>[   57.589202] [RX]: 000000000000000000000000000000000000000000000
<4>[   57.593109] [RX]: 00000000000000000000000000000000000{0x0a}{0xb6}{0xf9}
<4>[   57.711761] [TX]: {0xf9}{0x17}{0xef}1U0052AT+GRDE
<4>[   57.713256] [TX]: =8012,0,0,0{0x00}{0x99}{0xf9}
<6>[   57.751525] cdma-modem 1-3:1.0: modem_resume: port not open yet 
<6>[   57.751617] cdma-modem 1-3:1.1: modem_resume: port not open yet 
<6>[   57.751770] cdma-modem 1-3:1.2: modem_resume: port not open yet 
<6>[   57.751861] cdma-modem 1-3:1.3: modem_resume: port not open yet 
<6>[   57.751983] cdma-modem 1-3:1.4: modem_resume: port not open yet 
<6>[   57.752166] qsc6085-modem ttyUSB4: modem_open: Enter. Open Port 4
<6>[   57.752410] qsc6085-modem ttyUSB4: modem_open: Exit. retval = 0
<6>[   57.752563] qsc6085-modem ttyUSB4: modem_interrupt_callback: usb -inter_cbk 
<6>[   57.752716] qsc6085-modem ttyUSB4: modem_interrupt_callback: request and type is 8353 
<6>[   57.752838] qsc6085-modem ttyUSB4: modem_interrupt_callback: MODEM status 2 
<6>[   57.752929] qsc6085-modem ttyUSB4: modem_update_modem_status: modem status is now 256  
<6>[   57.753234] qsc6085-modem ttyUSB4: modem_tiocmset: Enter. clear is 0, set is 2 
<4>[   57.755310] [RX]: {0xf9}{0x17}{0xef}{0xc2}{0x01}U0052+GRDE=
<6>[   57.756591] qsc6085-modem ttyUSB4: modem_interrupt_callback: usb -inter_cbk 
<6>[   57.756805] qsc6085-modem ttyUSB4: modem_interrupt_callback: request and type is 8353 
<6>[   57.756958] qsc6085-modem ttyUSB4: modem_interrupt_callback: MODEM status 2 
<6>[   57.757019] qsc6085-modem ttyUSB4: modem_update_modem_status: modem status is now 256  
<4>[   57.757202] 8012,0,0,100,767A772E6E657400000000000000000000000000000000000000000000000000
<6>[   57.762939] qsc6085-modem ttyUSB4: modem_tiocmset: Exit. Status 0 
<6>[   57.763092] qsc6085-modem ttyUSB4: modem_tiocmset: Enter. clear is 2, set is 0 
<4>[   57.763397] [RX]: 00000000000000000000000000000000000000000000000000
<6>[   57.767242] qsc6085-modem ttyUSB4: modem_tiocmset: Exit. Status 0 
<4>[   57.767730] [RX]: 0000000000000000000000000000000000000000000000
<4>[   57.771728] [RX]: 0000000000000000000000000000000000000000{0x0a}{0xb6}{0xf9}
<4>[   57.926635] [RX]: {0xf9}{0x07}{0xef}AU0026~+RSSI=2,14,100,1,0,118,40{0x0a}G{0xf9}
<4>[   58.205139] [TX]: circ_empty = 1, tx_stopped = 0
<4>[   58.212524] [RX]: {0xf9}{0x07}{0xef}AU0027~+CREG=0,0,0,0,0,0,0,0,0,0{0x0a}G{0xf9}
<4>[   58.216705] [RX]: {0xf9}{0x07}{0xef}SU0028~+GSYST=2010,10,2,13,23,48,49,-10,1{0x0a}{0xb8}{0xf9}
<4>[   58.363250] [TX]: {0xf9}{0x07}{0xef}{0x1f}U0053AT+COPS
<4>[   58.364746] [TX]: ?{0x0d}{0x00}{0xc1}{0xf9}
<4>[   58.395080] [RX]: {0xf9}{0x07}{0xef}+U0053+COPS=0,,,00000{0x0a}{0xe2}{0xf9}
<4>[   58.448822] [TX]: {0xf9}{0x07}{0xef}{0x1f}U0054AT+CREG
<4>[   58.450347] [TX]: ?{0x0d}{0x00}{0xc1}{0xf9}
<4>[   58.482116] [RX]: {0xf9}{0x07}{0xef}GU0054+CREG=5,5,657,0,0,20,4,64,1,1{0x0a}{0xa3}{0xf9}
<6>[   58.767669] qsc6085-modem ttyUSB4: modem_tiocmset: Enter. clear is 0, set is 2 
<6>[   58.768646] qsc6085-modem ttyUSB4: modem_tiocmset: Exit. Status 0 
<6>[   58.772613] qsc6085-modem ttyUSB4: modem_interrupt_callback: usb -inter_cbk 
<6>[   58.772705] qsc6085-modem ttyUSB4: modem_interrupt_callback: request and type is 8353 
<6>[   58.772857] qsc6085-modem ttyUSB4: modem_interrupt_callback: MODEM status 2 
<6>[   58.772979] qsc6085-modem ttyUSB4: modem_update_modem_status: modem status is now 256  
<6>[   58.833953] qsc6085-modem ttyUSB4: modem_write: Get 1 bytes.
<6>[   58.844360] qsc6085-modem ttyUSB4: modem_write: Get 1 bytes.
<6>[   58.854766] qsc6085-modem ttyUSB4: modem_write: Get 1 bytes.
<6>[   58.865203] qsc6085-modem ttyUSB4: modem_write: Get 1 bytes.
<6>[   59.004058] qsc6085-modem ttyUSB4: modem_write: Get 1 bytes.
<6>[   59.014556] qsc6085-modem ttyUSB4: modem_write: Get 1 bytes.
<6>[   59.024932] qsc6085-modem ttyUSB4: modem_write: Get 1 bytes.
<6>[   59.035461] qsc6085-modem ttyUSB4: modem_write: Get 1 bytes.
<6>[   59.045867] qsc6085-modem ttyUSB4: modem_write: Get 1 bytes.
<6>[   59.056335] qsc6085-modem ttyUSB4: modem_write: Get 1 bytes.
<6>[   59.066711] qsc6085-modem ttyUSB4: modem_write: Get 1 bytes.
<6>[   59.077178] qsc6085-modem ttyUSB4: modem_write: Get 1 bytes.
<6>[   59.087554] qsc6085-modem ttyUSB4: modem_write: Get 1 bytes.
<6>[   59.098022] qsc6085-modem ttyUSB4: modem_write: Get 1 bytes.
<4>[   59.132019] [TX]: circ_empty = 1, tx_stopped = 0
<4>[   59.141235] [RX]: {0xf9}{0x07}{0xef}{0x1d}U0029~+WAKEUP{0x0a}"{0xf9}
<4>[   59.178771] [RX]: {0xf9}{0x07}{0xef}{0x1d}U0030~+WAKEUP{0x0a}"{0xf9}
<4>[   59.183441] [RX]: {0xf9}{0x07}{0xef}{0x1d}U0031~+WAKEUP{0x0a}"{0xf9}
<4>[   59.222473] [RX]: {0xf9}{0x07}{0xef}{0x1d}U0032~+WAKEUP{0x0a}"{0xf9}
<4>[   59.227447] [RX]: {0xf9}{0x07}{0xef}{0x1d}U0033~+WAKEUP{0x0a}"{0xf9}
<4>[   59.263397] [RX]: {0xf9}{0x07}{0xef}%U0034~+CIEV=3,1,0{0x0a}{0x08}{0xf9}
<4>[   60.162017] [TX]: circ_empty = 1, tx_stopped = 0
<4>[   60.169647] [RX]: {0xf9}{0x07}{0xef}?U0035~+RSSI=2,14,99,1,1,115,14{0x0a}{0xf9}{0xf9}
<6>[   61.305358] cdma-modem 1-3:1.0: modem_suspend: port not open yet 
<6>[   61.305541] cdma-modem 1-3:1.1: modem_suspend: port not open yet 
<6>[   61.305603] cdma-modem 1-3:1.2: modem_suspend: port not open yet 
<6>[   61.305755] cdma-modem 1-3:1.3: modem_suspend: port not open yet 
<6>[   61.305908] cdma-modem 1-3:1.4: modem_suspend: Suspend Port  num 4.
<6>[   61.305969] qsc6085-modem ttyUSB4: stop_data_traffic() port 4
<6>[   61.306671] qsc6085-modem ttyUSB4: modem_read_bulk_callback: bulk rx err -2
<6>[   61.307647] qsc6085-modem ttyUSB4: modem_read_bulk_callback: bulk rx err -2
<6>[   61.308654] qsc6085-modem ttyUSB4: modem_read_bulk_callback: bulk rx err -2
<6>[   61.309661] qsc6085-modem ttyUSB4: modem_read_bulk_callback: bulk rx err -2
<6>[   61.310668] qsc6085-modem ttyUSB4: modem_read_bulk_callback: bulk rx err -2
<6>[   61.311645] qsc6085-modem ttyUSB4: modem_read_bulk_callback: bulk rx err -2
<6>[   61.312652] qsc6085-modem ttyUSB4: modem_read_bulk_callback: bulk rx err -2
<6>[   61.313659] qsc6085-modem ttyUSB4: modem_read_bulk_callback: bulk rx err -2
<6>[   61.314666] qsc6085-modem ttyUSB4: modem_read_bulk_callback: bulk rx err -2
<6>[   61.315673] qsc6085-modem ttyUSB4: modem_read_bulk_callback: bulk rx err -2
<6>[   61.316650] qsc6085-modem ttyUSB4: modem_read_bulk_callback: bulk rx err -2
<6>[   61.317657] qsc6085-modem ttyUSB4: modem_read_bulk_callback: bulk rx err -2
<6>[   61.318664] qsc6085-modem ttyUSB4: modem_read_bulk_callback: bulk rx err -2
<6>[   61.319641] qsc6085-modem ttyUSB4: modem_read_bulk_callback: bulk rx err -2
<6>[   61.320648] qsc6085-modem ttyUSB4: modem_read_bulk_callback: bulk rx err -2
<6>[   61.321655] qsc6085-modem ttyUSB4: modem_read_bulk_callback: bulk rx err -2
<6>[   61.322662] qsc6085-modem ttyUSB4: modem_interrupt_callback: urb shutting down
<4>[   62.267822] [TX]: circ_empty = 1, tx_stopped = 0
<4>[   62.277832] [RX]: {0xf9}{0x07}{0xef}?U0036~+RSSI=2,14,98,1,5,112,11{0x0a}{0xf9}{0xf9}
<4>[   62.283050] [RX]: {0xf9}{0x07}{0xef}AU0037~+CREG=0,0,0,0,0,0,0,0,0,0{0x0a}G{0xf9}
<4>[   62.287384] [RX]: {0xf9}{0x07}{0xef}SU0038~+GSYST=2010,10,2,13,23,48,53,-10,1{0x0a}{0xb8}{0xf9}
<4>[   62.342834] [TX]: {0xf9}{0x07}{0xef}{0x1f}U0055AT+COPS
<4>[   62.344421] [TX]: ?{0x0d}{0x00}{0xc1}{0xf9}
<4>[   62.375732] [RX]: {0xf9}{0x07}{0xef}+U0055+COPS=0,,,00000{0x0a}{0xe2}{0xf9}
<4>[   62.383911] [TX]: {0xf9}{0x07}{0xef}{0x1f}U0056AT+CREG
<4>[   62.385406] [TX]: ?{0x0d}{0x00}{0xc1}{0xf9}
<4>[   62.411804] [RX]: {0xf9}{0x07}{0xef}?U0039~+RSSI=2,15,98,1,1,112,19{0x0a}{0xf9}{0xf9}
<4>[   62.476379] [RX]: {0xf9}{0x07}{0xef}GU0056+CREG=5,5,657,0,0,20,4,64,1,2{0x0a}{0xa3}{0xf9}
<6>[   63.967407] qsc6085-modem ttyUSB4: modem_usb_wkup_work: add wakelock
<4>[   63.973754] [TX]: circ_empty = 1, tx_stopped = 0
<4>[   63.981353] [RX]: {0xf9}{0x07}{0xef}{0x1d}U0040~+WAKEUP{0x0a}"{0xf9}
<4>[   64.019195] [RX]: {0xf9}{0x07}{0xef}{0x1d}U0041~+WAKEUP{0x0a}"{0xf9}
<4>[   64.024017] [RX]: {0xf9}{0x07}{0xef}{0x1d}U0042~+WAKEUP{0x0a}"{0xf9}
<6>[   64.025695] cdma-modem 1-3:1.0: modem_resume: port not open yet 
<6>[   64.025848] cdma-modem 1-3:1.1: modem_resume: port not open yet 
<6>[   64.025939] cdma-modem 1-3:1.2: modem_resume: port not open yet 
<6>[   64.026062] cdma-modem 1-3:1.3: modem_resume: port not open yet 
<6>[   64.026153] cdma-modem 1-3:1.4: modem_resume: port 4 is resumed here 
<6>[   64.026672] qsc6085-modem ttyUSB4: modem_usb_wkup_work: woke up interface
<6>[   64.028717] qsc6085-modem ttyUSB4: modem_interrupt_callback: usb -inter_cbk 
<6>[   64.028869] qsc6085-modem ttyUSB4: modem_interrupt_callback: request and type is 8353 
<6>[   64.029022] qsc6085-modem ttyUSB4: modem_interrupt_callback: MODEM status 3 
<6>[   64.029113] qsc6085-modem ttyUSB4: modem_update_modem_status: modem status is now 320  
<6>[   64.032745] qsc6085-modem ttyUSB4: modem_interrupt_callback: usb -inter_cbk 
<6>[   64.032897] qsc6085-modem ttyUSB4: modem_interrupt_callback: request and type is 8353 
<6>[   64.032958] qsc6085-modem ttyUSB4: modem_interrupt_callback: MODEM status 3 
<6>[   64.033111] qsc6085-modem ttyUSB4: modem_update_modem_status: modem status is now 320  
<4>[   64.034088] [TX]: {0xf9}{0x07}{0xef}#U0057AT+LOCU
<4>[   64.035583] [TX]: P=1{0x0d}{0x00}{0xec}{0xf9}
<6>[   64.042358] qsc6085-modem ttyUSB4: modem_write: Get 1 bytes.
<6>[   64.043243] qsc6085-modem ttyUSB4: modem_tiocmset: Enter. clear is 0, set is 2 
<6>[   64.044769] qsc6085-modem ttyUSB4: modem_tiocmset: Exit. Status 0 
<6>[   64.048736] qsc6085-modem ttyUSB4: modem_interrupt_callback: usb -inter_cbk 
<6>[   64.048889] qsc6085-modem ttyUSB4: modem_interrupt_callback: request and type is 8353 
<6>[   64.048980] qsc6085-modem ttyUSB4: modem_interrupt_callback: MODEM status 3 
<6>[   64.049102] qsc6085-modem ttyUSB4: modem_update_modem_status: modem status is now 320  
<4>[   64.061431] [RX]: {0xf9}{0x07}{0xef}{0x1d}U0043~+WAKEUP{0x0a}"{0xf9}
<4>[   64.095886] [RX]: {0xf9}{0x07}{0xef}{0x1d}U0044~+WAKEUP{0x0a}"{0xf9}
<4>[   64.100250] [RX]: {0xf9}{0x07}{0xef}%U0045~+CIEV=3,2,0{0x0a}{0x08}{0xf9}
<4>[   64.104309] [RX]: {0xf9}{0x07}{0xef}{0x1f}U0057+LOCUP:OK{0x0a}{0xc1}{0xf9}
<4>[   64.108978] [RX]: {0xf9}{0x07}{0xef}AU0046~+CREG=0,0,0,0,0,0,0,0,0,0{0x0a}G{0xf9}
<4>[   64.121459] [TX]: {0xf9}{0x07}{0xef}{0x1f}U0058AT+CREG
<4>[   64.122955] [TX]: ?{0x0d}{0x00}{0xc1}{0xf9}
<4>[   64.169799] [RX]: {0xf9}{0x07}{0xef}GU0058+CREG=5,5,657,0,0,20,4,64,1,2{0x0a}{0xa3}{0xf9}
<4>[   64.180786] [TX]: {0xf9}{0x07}{0xef}{0x1f}U0059AT+COPS
<4>[   64.182312] [TX]: ?{0x0d}{0x00}{0xc1}{0xf9}
<4>[   64.233978] [RX]: {0xf9}{0x07}{0xef}+U0059+COPS=0,,,00000{0x0a}{0xe2}{0xf9}
<4>[   64.243194] [TX]: {0xf9}{0x07}{0xef}{0x1f}U0060AT+CREG
<4>[   64.244689] [TX]: ?{0x0d}{0x00}{0xc1}{0xf9}
<4>[   64.296142] [RX]: {0xf9}{0x07}{0xef}GU0060+CREG=5,5,657,0,0,20,4,64,1,2{0x0a}{0xa3}{0xf9}
<4>[   64.305755] [TX]: {0xf9}{0x07}{0xef}#U0061AT+LOCU
<4>[   64.307281] [TX]: P=0{0x0d}{0x00}{0xec}{0xf9}
<4>[   64.359985] [RX]: {0xf9}{0x07}{0xef}{0x1f}U0061+LOCUP:OK{0x0a}{0xc1}{0xf9}
<4>[   64.642150] [TX]: circ_empty = 1, tx_stopped = 0
<4>[   64.649444] [RX]: {0xf9}{0x07}{0xef}?U0047~+RSSI=2,14,97,1,1,117,19{0x0a}{0xf9}{0xf9}
<6>[   65.051910] qsc6085-modem ttyUSB4: modem_write: Get 45 bytes.
<6>[   65.064147] qsc6085-modem ttyUSB4: modem_write: Get 55 bytes.
<6>[   65.064910] qsc6085-modem ttyUSB4: modem_write: Get 20 bytes.
<6>[   65.065063] qsc6085-modem ttyUSB4: modem_write: Get 27 bytes.
<6>[   65.079101] qsc6085-modem ttyUSB4: modem_write: Get 15 bytes.
<6>[   65.079284] qsc6085-modem ttyUSB4: modem_write: Get 27 bytes.
<6>[   65.094512] qsc6085-modem ttyUSB4: modem_write: Get 27 bytes.
<6>[   65.102355] qsc6085-modem ttyUSB4: modem_write: Get 27 bytes.
<6>[   65.425720] qsc6085-modem ttyUSB4: modem_write: Get 76 bytes.
<6>[   65.588684] qsc6085-modem ttyUSB4: modem_write: Get 80 bytes.
<6>[   66.305236] cdma-modem 1-3:1.0: modem_suspend: port not open yet 
<6>[   66.305328] cdma-modem 1-3:1.1: modem_suspend: port not open yet 
<6>[   66.305480] cdma-modem 1-3:1.2: modem_suspend: port not open yet 
<6>[   66.305541] cdma-modem 1-3:1.3: modem_suspend: port not open yet 
<6>[   66.305694] cdma-modem 1-3:1.4: modem_suspend: Suspend Port  num 4.
<6>[   66.305847] qsc6085-modem ttyUSB4: stop_data_traffic() port 4
<6>[   66.306793] qsc6085-modem ttyUSB4: modem_read_bulk_callback: bulk rx err -2
<6>[   66.307769] qsc6085-modem ttyUSB4: modem_read_bulk_callback: bulk rx err -2
<6>[   66.308776] qsc6085-modem ttyUSB4: modem_read_bulk_callback: bulk rx err -2
<6>[   66.309783] qsc6085-modem ttyUSB4: modem_read_bulk_callback: bulk rx err -2
<6>[   66.310791] qsc6085-modem ttyUSB4: modem_read_bulk_callback: bulk rx err -2
<6>[   66.311767] qsc6085-modem ttyUSB4: modem_read_bulk_callback: bulk rx err -2
<6>[   66.312774] qsc6085-modem ttyUSB4: modem_read_bulk_callback: bulk rx err -2
<6>[   66.313781] qsc6085-modem ttyUSB4: modem_read_bulk_callback: bulk rx err -2
<6>[   66.314788] qsc6085-modem ttyUSB4: modem_read_bulk_callback: bulk rx err -2
<6>[   66.315765] qsc6085-modem ttyUSB4: modem_read_bulk_callback: bulk rx err -2
<6>[   66.316772] qsc6085-modem ttyUSB4: modem_read_bulk_callback: bulk rx err -2
<6>[   66.317779] qsc6085-modem ttyUSB4: modem_read_bulk_callback: bulk rx err -2
<6>[   66.318786] qsc6085-modem ttyUSB4: modem_read_bulk_callback: bulk rx err -2
<6>[   66.319793] qsc6085-modem ttyUSB4: modem_read_bulk_callback: bulk rx err -2
<6>[   66.320770] qsc6085-modem ttyUSB4: modem_read_bulk_callback: bulk rx err -2
<6>[   66.321777] qsc6085-modem ttyUSB4: modem_read_bulk_callback: bulk rx err -2
<6>[   66.322784] qsc6085-modem ttyUSB4: modem_interrupt_callback: urb shutting down
<4>[   66.882110] [TX]: circ_empty = 1, tx_stopped = 0
<4>[   66.889617] [RX]: {0xf9}{0x07}{0xef}?U0048~+RSSI=2,14,97,1,5,115,13{0x0a}{0xf9}{0xf9}
<4>[   67.144409] [TX]: {0xf9}+{0xef}SU0062AT+CRSM
<4>[   67.145904] [TX]: =192,28475,0,0,1
<4>[   67.147399] [TX]: 5,,3F007F10{0x0a}{0x00}{0xea}{0xf9}
<4>[   67.200469] [RX]: {0xf9}+{0xef}aU0062+CRSM=144,0,000001fe6f3b040012004f010201
<4>[   67.204833] [RX]: 22{0x0a}-{0xf9}
<4>[   67.215454] [TX]: {0xf9}+{0xef}SU0063AT+CRSM
<4>[   67.216949] [TX]: =178,28475,1,4,3
<4>[   67.218414] [TX]: 4,,3F007F10{0x0a}{0x00}{0xea}{0xf9}
<4>[   67.313018] [RX]: {0xf9}+{0xef}{0xad}U0063+CRSM=144,0,ffffffffffffffffffffffffff
<4>[   67.317077] [RX]: ffffffffffffffffffffffffffffffffffffffffff{0x0a}{0xb4}{0xf9}
<4>[   67.325622] [TX]: {0xf9}+{0xef}SU0064AT+CRSM
<4>[   67.327117] [TX]: =178,28475,2,4,3
<4>[   67.328613] [TX]: 4,,3F007F10{0x0a}{0x00}{0xea}{0xf9}
<4>[   67.385375] [TX]: {0xf9}{0x13}{0xef}GU0065AT+MPDT
<4>[   67.386901] [TX]: IME=226,38631452
<4>[   67.388397] [TX]: 0,381{0x0a}{0x00}{0xeb}{0xf9}
<4>[   67.479797] [RX]: {0xf9}{0x13}{0xef}#U0049~+MPDXREQ=1{0x0a}{0xa4}{0xf9}
<4>[   67.495208] [RX]: {0xf9}{0x13}{0xef}#U0065+MPDTIME:OK{0x0a}{0xa4}{0xf9}
<4>[   67.499328] [RX]: {0xf9}+{0xef}{0xad}U0064+CRSM=144,0,fffffffffffffffffffffffffffffff
<4>[   67.503814] [RX]: fffffffffffffffffffffffffffffffffffff{0x0a}{0xb4}{0xf9}
<4>[   67.512573] [TX]: {0xf9}+{0xef}SU0066AT+CRSM
<4>[   67.514068] [TX]: =178,28475,3,4,3
<4>[   67.515563] [TX]: 4,,3F007F10{0x0a}{0x00}{0xea}{0xf9}
<4>[   67.592926] [RX]: {0xf9}+{0xef}{0xad}U0066+CRSM=144,0,ffffffffffffffffffffffffffffffff
<4>[   67.597503] [RX]: ffffffffffffffffffffffffffffffffffff{0x0a}{0xb4}{0xf9}
<4>[   67.606933] [TX]: {0xf9}+{0xef}SU0067AT+CRSM
<4>[   67.608459] [TX]: =178,28475,4,4,3
<4>[   67.609924] [TX]: 4,,3F007F10{0x0a}{0x00}{0xea}{0xf9}
<4>[   67.686248] [RX]: {0xf9}+{0xef}{0xad}U0067+CRSM=144,0,fffffffffffffffffffffffffffffffffffff
<4>[   67.691253] [RX]: fffffffffffffffffffffffffffffff{0x0a}{0xb4}{0xf9}
<4>[   67.701049] [TX]: {0xf9}+{0xef}SU0068AT+CRSM
<4>[   67.702545] [TX]: =178,28475,5,4,3
<4>[   67.704040] [TX]: 4,,3F007F10{0x0a}{0x00}{0xea}{0xf9}
<4>[   67.780395] [RX]: {0xf9}+{0xef}{0xad}U0068+CRSM=144,0,fffffffffffffffffffffffffffffff
<4>[   67.784912] [RX]: fffffffffffffffffffffffffffffffffffff{0x0a}{0xb4}{0xf9}
<4>[   67.793884] [TX]: {0xf9}+{0xef}SU0069AT+CRSM
<4>[   67.795379] [TX]: =178,28475,6,4,3
<4>[   67.796936] [TX]: 4,,3F007F10{0x0a}{0x00}{0xea}{0xf9}
<4>[   67.873840] [RX]: {0xf9}+{0xef}{0xad}U0069+CRSM=144,0,fffffffffffffffffffffffffffffffffff
<4>[   67.878692] [RX]: fffffffffffffffffffffffffffffffff{0x0a}{0xb4}{0xf9}
<4>[   67.887420] [TX]: {0xf9}+{0xef}SU0070AT+CRSM
<4>[   67.888916] [TX]: =178,28475,7,4,3
<4>[   67.890411] [TX]: 4,,3F007F10{0x0a}{0x00}{0xea}{0xf9}
<4>[   67.967437] [RX]: {0xf9}+{0xef}{0xad}U0070+CRSM=144,0,ffffffffffffffffffffffffffff
<4>[   67.971679] [RX]: ffffffffffffffffffffffffffffffffffffffff{0x0a}{0xb4}{0xf9}
<4>[   67.983673] [TX]: {0xf9}+{0xef}SU0071AT+CRSM
<4>[   67.985168] [TX]: =178,28475,8,4,3
<4>[   67.986663] [TX]: 4,,3F007F10{0x0a}{0x00}{0xea}{0xf9}
<4>[   68.062255] [RX]: {0xf9}+{0xef}{0xad}U0071+CRSM=144,0,ffffffffffffffffffffffffffffffffff
<4>[   68.067016] [RX]: ffffffffffffffffffffffffffffffffff{0x0a}{0xb4}{0xf9}
<4>[   68.076965] [TX]: {0xf9}+{0xef}SU0072AT+CRSM
<4>[   68.078460] [TX]: =178,28475,9,4,3
<4>[   68.079986] [TX]: 4,,3F007F10{0x0a}{0x00}{0xea}{0xf9}
<4>[   68.157379] [RX]: {0xf9}+{0xef}{0xad}U0072+CRSM=144,0,ffffffffffffffffffffffffffffffffffffffffffffffffffffffffffffffffffff{0x0a}{0xb4}{0xf9}
<4>[   68.177612] [TX]: {0xf9}+{0xef}UU0073AT+CRSM
<4>[   68.179107] [TX]: =178,28475,10,4,
<4>[   68.180603] [TX]: 34,,3F007F10{0x0a}{0x00}{0x0e}{0xf9}
<4>[   68.254241] [RX]: {0xf9}+{0xef}{0xad}U0073+CRSM=144,0,ffffffffffffffffffffffffff
<4>[   68.258331] [RX]: ffffffffffffffffffffffffffffffffffffffffff{0x0a}{0xb4}{0xf9}
<4>[   68.270080] [TX]: {0xf9}+{0xef}UU0074AT+CRSM
<4>[   68.271575] [TX]: =178,28475,11,4,
<4>[   68.273132] [TX]: 34,,3F007F10{0x0a}{0x00}{0x0e}{0xf9}
<4>[   68.347442] [RX]: {0xf9}+{0xef}{0xad}U0074+CRSM=144,0,ffffffffffffffffffffffffffff
<4>[   68.351684] [RX]: ffffffffffffffffffffffffffffffffffffffff{0x0a}{0xb4}{0xf9}
<4>[   68.365142] [TX]: {0xf9}+{0xef}UU0075AT+CRSM
<4>[   68.366699] [TX]: =178,28475,12,4,
<4>[   68.368194] [TX]: 34,,3F007F10{0x0a}{0x00}{0x0e}{0xf9}
<4>[   68.442169] [RX]: {0xf9}+{0xef}{0xad}U0075+CRSM=144,0,fffffffffffffffffffffffffff
<4>[   68.446319] [RX]: fffffffffffffffffffffffffffffffffffffffff{0x0a}{0xb4}{0xf9}
<6>[   68.547912] qsc6085-modem ttyUSB4: modem_write: Get 71 bytes.
<6>[   68.548034] qsc6085-modem ttyUSB4: modem_write: add wakelock
<4>[   68.574462] [TX]: {0xf9}+{0xef}UU0076AT+CRSM
<4>[   68.575958] [TX]: =178,28475,13,4,
<4>[   68.577423] [TX]: 34,,3F007F10{0x0a}{0x00}{0x0e}{0xf9}
<6>[   68.609954] cdma-modem 1-3:1.0: modem_resume: port not open yet 
<6>[   68.610107] cdma-modem 1-3:1.1: modem_resume: port not open yet 
<6>[   68.610198] cdma-modem 1-3:1.2: modem_resume: port not open yet 
<6>[   68.610351] cdma-modem 1-3:1.3: modem_resume: port not open yet 
<6>[   68.610412] cdma-modem 1-3:1.4: modem_resume: port 4 is resumed here 
<4>[   68.639862] [RX]: {0xf9}+{0xef}{0xad}U0076+CRSM=144,0,fffffffffffffffffffffffffffffff
<4>[   68.644378] [RX]: fffffffffffffffffffffffffffffffffffff{0x0a}{0xb4}{0xf9}
<4>[   68.653533] [TX]: {0xf9}+{0xef}UU0077AT+CRSM
<4>[   68.655029] [TX]: =178,28475,14,4,
<4>[   68.656585] [TX]: 34,,3F007F10{0x0a}{0x00}{0x0e}{0xf9}
<4>[   68.736846] [RX]: {0xf9}+{0xef}{0xad}U0077+CRSM=144,0,ffffffffffffffffffffffffff
<4>[   68.740936] [RX]: ffffffffffffffffffffffffffffffffffffffffff{0x0a}{0xb4}{0xf9}
<4>[   68.755218] [TX]: {0xf9}+{0xef}UU0078AT+CRSM
<4>[   68.756774] [TX]: =178,28475,15,4,
<4>[   68.758300] [TX]: 34,,3F007F10{0x0a}{0x00}{0x0e}{0xf9}
<6>[   68.762542] qsc6085-modem ttyUSB4: modem_write: Get 64 bytes.
<4>[   68.833068] [RX]: {0xf9}+{0xef}{0xad}U0078+CRSM=144,0,ffffffffffffffffffffffffffffffffffffffffffffffffffffffffffffffffffff{0x0a}{0xb4}{0xf9}
<4>[   69.122161] [TX]: circ_empty = 1, tx_stopped = 0
<4>[   69.128936] [RX]: {0xf9}{0x07}{0xef}?U0050~+RSSI=2,15,97,1,5,113,13{0x0a}{0xf9}{0xf9}
<6>[   69.379821] device_mode_change_write Mode change command=acm_eth_mtp_adb
<6>[   69.380004] musb_pullup - Disabling USB Pullups 
<6>[   69.438018] musb_pullup - Enabling USB Pullups 
<6>[   69.500579] device_mode_change_write - Successfully enabled function - acm_eth_mtp_adb 
<6>[   69.756591] android_usb gadget: high speed config #1: android
<7>[   69.756744] nuke(): epnum=2 is_in=1 status=-108
<6>[   69.756866] usbnet_set_alt intf: 2 alt: 0
<7>[   69.757232] mtp_function_set_alt intf=3 alt=0
<6>[   70.840789] usb_ether_get_stats
<6>[   70.840911] usb_ether_open
<6>[   70.841186] usb_ether_get_stats
<6>[   70.841705] Sending USBLAN enabled uevent 
<4>[   71.065551] [TX]: {0xf9}{0x07}{0xef}#U0079AT+LOCU
<4>[   71.067047] [TX]: P=1{0x0d}{0x00}{0xec}{0xf9}
<4>[   71.099761] [RX]: {0xf9}{0x07}{0xef}{0x1f}U0079+LOCUP:OK{0x0a}{0xc1}{0xf9}
<4>[   71.104583] [RX]: {0xf9}{0x07}{0xef}AU0051~+CREG=0,0,0,0,0,0,0,0,0,0{0x0a}G{0xf9}
<4>[   71.109039] [TX]: {0xf9}{0x07}{0xef}{0x1f}U0080AT+CREG
<4>[   71.110565] [TX]: ?{0x0d}{0x00}{0xc1}{0xf9}
<4>[   71.167175] [RX]: {0xf9}{0x07}{0xef}GU0080+CREG=5,5,657,0,0,20,4,64,1,2{0x0a}{0xa3}{0xf9}
<4>[   71.172973] [TX]: {0xf9}{0x07}{0xef}{0x1f}U0081AT+COPS
<4>[   71.174468] [TX]: ?{0x0d}{0x00}{0xc1}{0xf9}
<4>[   71.230407] [RX]: {0xf9}{0x07}{0xef}+U0081+COPS=0,,,00000{0x0a}{0xe2}{0xf9}
<4>[   71.235412] [TX]: {0xf9}{0x07}{0xef}{0x1f}U0082AT+CREG
<4>[   71.236907] [TX]: ?{0x0d}{0x00}{0xc1}{0xf9}
<4>[   71.291870] [RX]: {0xf9}{0x07}{0xef}GU0082+CREG=5,5,657,0,0,20,4,64,1,2{0x0a}{0xa3}{0xf9}
<6>[   71.305450] cdma-modem 1-3:1.0: modem_suspend: port not open yet 
<6>[   71.305541] cdma-modem 1-3:1.1: modem_suspend: port not open yet 
<6>[   71.305694] cdma-modem 1-3:1.2: modem_suspend: port not open yet 
<6>[   71.305786] cdma-modem 1-3:1.3: modem_suspend: port not open yet 
<6>[   71.305908] cdma-modem 1-3:1.4: modem_suspend: Suspend Port  num 4.
<6>[   71.305999] qsc6085-modem ttyUSB4: stop_data_traffic() port 4
<6>[   71.306915] qsc6085-modem ttyUSB4: modem_read_bulk_callback: bulk rx err -2
<6>[   71.307891] qsc6085-modem ttyUSB4: modem_read_bulk_callback: bulk rx err -2
<6>[   71.308898] qsc6085-modem ttyUSB4: modem_read_bulk_callback: bulk rx err -2
<6>[   71.309875] qsc6085-modem ttyUSB4: modem_read_bulk_callback: bulk rx err -2
<6>[   71.310882] qsc6085-modem ttyUSB4: modem_read_bulk_callback: bulk rx err -2
<6>[   71.311889] qsc6085-modem ttyUSB4: modem_read_bulk_callback: bulk rx err -2
<6>[   71.312896] qsc6085-modem ttyUSB4: modem_read_bulk_callback: bulk rx err -2
<6>[   71.313903] qsc6085-modem ttyUSB4: modem_read_bulk_callback: bulk rx err -2
<6>[   71.315887] qsc6085-modem ttyUSB4: modem_read_bulk_callback: bulk rx err -2
<6>[   71.316894] qsc6085-modem ttyUSB4: modem_read_bulk_callback: bulk rx err -2
<6>[   71.317901] qsc6085-modem ttyUSB4: modem_read_bulk_callback: bulk rx err -2
<6>[   71.318878] qsc6085-modem ttyUSB4: modem_read_bulk_callback: bulk rx err -2
<6>[   71.319885] qsc6085-modem ttyUSB4: modem_read_bulk_callback: bulk rx err -2
<6>[   71.320892] qsc6085-modem ttyUSB4: modem_read_bulk_callback: bulk rx err -2
<6>[   71.321899] qsc6085-modem ttyUSB4: modem_read_bulk_callback: bulk rx err -2
<6>[   71.322906] qsc6085-modem ttyUSB4: modem_read_bulk_callback: bulk rx err -2
<6>[   71.323883] qsc6085-modem ttyUSB4: modem_interrupt_callback: urb shutting down
<4>[   71.367126] [RX]: {0xf9}{0x07}{0xef}?U0052~+RSSI=2,16,97,1,5,111,13{0x0a}{0xf9}{0xf9}
<6>[   71.758453] qsc6085-modem ttyUSB4: modem_write: Get 66 bytes.
<6>[   71.758636] qsc6085-modem ttyUSB4: modem_write: add wakelock
<6>[   71.820922] cdma-modem 1-3:1.0: modem_resume: port not open yet 
<6>[   71.821075] cdma-modem 1-3:1.1: modem_resume: port not open yet 
<6>[   71.821166] cdma-modem 1-3:1.2: modem_resume: port not open yet 
<6>[   71.821289] cdma-modem 1-3:1.3: modem_resume: port not open yet 
<6>[   71.821380] cdma-modem 1-3:1.4: modem_resume: port 4 is resumed here 
<6>[   71.969635] qsc6085-modem ttyUSB4: modem_write: Get 44 bytes.
<4>[   71.973358] [TX]: {0xf9}{0x07}{0xef}{0x1f}U0083AT+RSSI
<4>[   71.974914] [TX]: ?{0x0d}{0x00}{0xc1}{0xf9}
<6>[   71.991363] qsc6085-modem ttyUSB4: modem_write: Get 250 bytes.
<6>[   71.991577] qsc6085-modem ttyUSB4: modem_write: Get 56 bytes.
<4>[   72.007446] [RX]: {0xf9}{0x07}{0xef}=U0083+RSSI=2,16,97,1,5,110,12{0x0a}{0x1a}{0xf9}
<4>[   72.351470] [TX]: {0xf9}{0x07}{0xef}{0x1f}U0084AT+CREG
<4>[   72.352966] [TX]: ?{0x0d}{0x00}{0xc1}{0xf9}
<6>[   72.368988] qsc6085-modem ttyUSB4: modem_write: Get 44 bytes.
<6>[   72.383605] qsc6085-modem ttyUSB4: modem_write: Get 44 bytes.
<4>[   72.387634] [RX]: {0xf9}{0x07}{0xef}GU0084+CREG=5,5,657,0,0,20,4,64,1,2{0x0a}{0xa3}{0xf9}
<6>[   72.399444] qsc6085-modem ttyUSB4: modem_write: Get 44 bytes.
<6>[   72.414886] qsc6085-modem ttyUSB4: modem_write: Get 44 bytes.
<6>[   72.680664] qsc6085-modem ttyUSB4: modem_write: Get 44 bytes.
<6>[   72.680908] qsc6085-modem ttyUSB4: modem_write: Get 44 bytes.
<6>[   72.711883] qsc6085-modem ttyUSB4: modem_write: Get 44 bytes.
<6>[   72.712158] qsc6085-modem ttyUSB4: modem_write: Get 44 bytes.
<6>[   72.719787] qsc6085-modem ttyUSB4: modem_write: Get 45 bytes.
<6>[   72.719970] qsc6085-modem ttyUSB4: modem_write: Get 44 bytes.
<6>[   72.735198] qsc6085-modem ttyUSB4: modem_write: Get 44 bytes.
<6>[   72.743103] qsc6085-modem ttyUSB4: modem_write: Get 44 bytes.
<6>[   72.750915] qsc6085-modem ttyUSB4: modem_write: Get 44 bytes.
<6>[   72.758911] qsc6085-modem ttyUSB4: modem_write: Get 44 bytes.
<6>[   72.766510] qsc6085-modem ttyUSB4: modem_write: Get 44 bytes.
<6>[   72.775054] qsc6085-modem ttyUSB4: modem_write: Get 44 bytes.
<6>[   72.813354] qsc6085-modem ttyUSB4: modem_write: Get 44 bytes.
<6>[   72.813507] qsc6085-modem ttyUSB4: modem_write: Get 44 bytes.
<6>[   72.836791] qsc6085-modem ttyUSB4: modem_write: Get 44 bytes.
<6>[   72.845153] qsc6085-modem ttyUSB4: modem_write: Get 44 bytes.
<6>[   72.852355] qsc6085-modem ttyUSB4: modem_write: Get 44 bytes.
<6>[   72.868041] qsc6085-modem ttyUSB4: modem_write: Get 44 bytes.
<6>[   72.883636] qsc6085-modem ttyUSB4: modem_write: Get 44 bytes.
<6>[   72.899597] qsc6085-modem ttyUSB4: modem_write: Get 44 bytes.
<6>[   72.899810] qsc6085-modem ttyUSB4: modem_write: Get 44 bytes.
<6>[   72.922790] qsc6085-modem ttyUSB4: modem_write: Get 44 bytes.
<6>[   72.946136] qsc6085-modem ttyUSB4: modem_write: Get 44 bytes.
<6>[   73.008483] qsc6085-modem ttyUSB4: modem_write: Get 44 bytes.
<6>[   73.014251] SMC PA: INFO 00000005 00:00:51.079 P-0009 T-000B fileServer ----- Mounting partition 1...
<6>[   73.063201] qsc6085-modem ttyUSB4: modem_write: Get 44 bytes.
<6>[   73.102264] qsc6085-modem ttyUSB4: modem_write: Get 44 bytes.
<6>[   73.138916] qsc6085-modem ttyUSB4: modem_write: Get 70 bytes.
<6>[   73.449371] SMC PA: INFO 00000006 00:00:51.522 P-0009 T-000B fileServer ----- File system mounted successfully in partition 1
<4>[   73.602386] [TX]: circ_empty = 1, tx_stopped = 0
<4>[   73.609069] [RX]: {0xf9}{0x07}{0xef}?U0053~+RSSI=2,16,98,1,5,110,12{0x0a}{0xf9}{0xf9}
<7>[   73.667572] turning off regulator
<6>[   74.305267] cdma-modem 1-3:1.0: modem_suspend: port not open yet 
<6>[   74.305450] cdma-modem 1-3:1.1: modem_suspend: port not open yet 
<6>[   74.305511] cdma-modem 1-3:1.2: modem_suspend: port not open yet 
<6>[   74.305603] cdma-modem 1-3:1.3: modem_suspend: port not open yet 
<6>[   74.305755] cdma-modem 1-3:1.4: modem_suspend: Suspend Port  num 4.
<6>[   74.305816] qsc6085-modem ttyUSB4: stop_data_traffic() port 4
<6>[   74.306976] qsc6085-modem ttyUSB4: modem_read_bulk_callback: bulk rx err -2
<6>[   74.307952] qsc6085-modem ttyUSB4: modem_read_bulk_callback: bulk rx err -2
<6>[   74.308959] qsc6085-modem ttyUSB4: modem_read_bulk_callback: bulk rx err -2
<6>[   74.309967] qsc6085-modem ttyUSB4: modem_read_bulk_callback: bulk rx err -2
<6>[   74.310974] qsc6085-modem ttyUSB4: modem_read_bulk_callback: bulk rx err -2
<6>[   74.311950] qsc6085-modem ttyUSB4: modem_read_bulk_callback: bulk rx err -2
<6>[   74.312957] qsc6085-modem ttyUSB4: modem_read_bulk_callback: bulk rx err -2
<6>[   74.313964] qsc6085-modem ttyUSB4: modem_read_bulk_callback: bulk rx err -2
<6>[   74.314971] qsc6085-modem ttyUSB4: modem_read_bulk_callback: bulk rx err -2
<6>[   74.315948] qsc6085-modem ttyUSB4: modem_read_bulk_callback: bulk rx err -2
<6>[   74.316955] qsc6085-modem ttyUSB4: modem_read_bulk_callback: bulk rx err -2
<6>[   74.318969] qsc6085-modem ttyUSB4: modem_read_bulk_callback: bulk rx err -2
<6>[   74.319976] qsc6085-modem ttyUSB4: modem_read_bulk_callback: bulk rx err -2
<6>[   74.320953] qsc6085-modem ttyUSB4: modem_read_bulk_callback: bulk rx err -2
<6>[   74.321960] qsc6085-modem ttyUSB4: modem_read_bulk_callback: bulk rx err -2
<6>[   74.322967] qsc6085-modem ttyUSB4: modem_read_bulk_callback: bulk rx err -2
<6>[   74.323974] qsc6085-modem ttyUSB4: modem_interrupt_callback: urb shutting down
<6>[   74.486114] qsc6085-modem ttyUSB4: modem_write: Get 45 bytes.
<6>[   74.486267] qsc6085-modem ttyUSB4: modem_write: add wakelock
<4>[   74.495330] [TX]: {0xf9}{0x1b}{0xef}=U0085AT+MFSO
<4>[   74.496826] [TX]: PEN=0,"xtra.bin"
<4>[   74.498291] [TX]: {0x0a}{0x00}{0x17}{0xf9}
<4>[   74.543731] [RX]: {0xf9}{0x1b}{0xef}!U0085+MFSOPEN:0{0x0a}{0x02}{0xf9}
<6>[   74.547607] cdma-modem 1-3:1.0: modem_resume: port not open yet 
<6>[   74.547698] cdma-modem 1-3:1.1: modem_resume: port not open yet 
<6>[   74.547821] cdma-modem 1-3:1.2: modem_resume: port not open yet 
<6>[   74.547912] cdma-modem 1-3:1.3: modem_resume: port not open yet 
<6>[   74.548065] cdma-modem 1-3:1.4: modem_resume: port 4 is resumed here 
<4>[   74.556335] [TX]: {0xf9}{0x1b}{0xef}0{0x01}U0086AT+MFS
<4>[   74.557830] [TX]: WRITE=0,011B0502
<4>[   74.559783] [TX]: 000F0120B4137B00
<4>[   74.561248] [TX]: 009B5706451443B1
<4>[   74.562744] [TX]: AC0645142B930006
<4>[   74.564239] [TX]: 1C0100251407100F
<4>[   74.565734] [TX]: 0E0D0C0B0A0C3708
<4>[   74.567260] [TX]: 10100F0E0D0C0A09
<4>[   74.568725] [TX]: 0E5308110F0E0E0C
<4>[   74.570220] [TX]: 0C09080D,64{0x0a}{0x00}:{0xf9}
<6>[   74.649353] qsc6085-modem ttyUSB4: modem_write: Get 44 bytes.
<4>[   74.713348] [RX]: {0xf9}{0x1b}{0xef}+U0086+MFSWRITE:ERROR{0x0a}{0xef}{0xf9}
<4>[   74.720001] [TX]: {0xf9}{0x1b}{0xef}0{0x01}U0087AT+MFS
<4>[   74.721496] [TX]: WRITE=0,96020B05
<4>[   74.723419] [TX]: 020207FF1F020454
<4>[   74.724914] [TX]: 5EDC89388E3A4304
<4>[   74.726409] [TX]: FA3CB1A10D27147F
<4>[   74.727905] [TX]: 6C9F7DFFFFA4F77F
<4>[   74.729400] [TX]: F1BE12264B7FB000
<4>[   74.730865] [TX]: 0B003CFFB91C2200
<4>[   74.732360] [TX]: BA00A10F82010645
<4>[   74.733917] [TX]: 000000DB,64{0x0a}{0x00}:{0xf9}
<4>[   74.878753] [RX]: {0xf9}{0x1b}{0xef}+U0087+MFSWRITE:ERROR{0x0a}{0xef}{0xf9}
<4>[   74.954437] [TX]: {0xf9}{0x1b}{0xef})U0088AT+MFSC
<4>[   74.955963] [TX]: LOSE=0{0x0a}{0x00}{0x0c}{0xf9}
<4>[   74.990325] [RX]: {0xf9}{0x1b}{0xef}%U0088+MFSCLOSE:OK{0x0a}{0x05}{0xf9}
<6>[   75.082794] qsc6085-modem ttyUSB4: modem_write: Get 64 bytes.
<4>[   75.842346] [TX]: circ_empty = 1, tx_stopped = 0
<4>[   75.849182] [RX]: {0xf9}{0x07}{0xef}?U0054~+RSSI=2,17,97,1,6,109,12{0x0a}{0xf9}{0xf9}
<6>[   77.305541] cdma-modem 1-3:1.0: modem_suspend: port not open yet 
<6>[   77.305633] cdma-modem 1-3:1.1: modem_suspend: port not open yet 
<6>[   77.305786] cdma-modem 1-3:1.2: modem_suspend: port not open yet 
<6>[   77.305847] cdma-modem 1-3:1.3: modem_suspend: port not open yet 
<6>[   77.305999] cdma-modem 1-3:1.4: modem_suspend: Suspend Port  num 4.
<6>[   77.306091] qsc6085-modem ttyUSB4: stop_data_traffic() port 4
<6>[   77.307037] qsc6085-modem ttyUSB4: modem_read_bulk_callback: bulk rx err -2
<6>[   77.309051] qsc6085-modem ttyUSB4: modem_read_bulk_callback: bulk rx err -2
<6>[   77.314056] qsc6085-modem ttyUSB4: modem_read_bulk_callback: bulk rx err -2
<6>[   77.316040] qsc6085-modem ttyUSB4: modem_read_bulk_callback: bulk rx err -2
<6>[   77.318023] qsc6085-modem ttyUSB4: modem_read_bulk_callback: bulk rx err -2
<6>[   77.323028] qsc6085-modem ttyUSB4: modem_read_bulk_callback: bulk rx err -2
<6>[   77.324035] qsc6085-modem ttyUSB4: modem_read_bulk_callback: bulk rx err -2
<6>[   77.326049] qsc6085-modem ttyUSB4: modem_read_bulk_callback: bulk rx err -2
<6>[   77.327026] qsc6085-modem ttyUSB4: modem_read_bulk_callback: bulk rx err -2
<6>[   77.328033] qsc6085-modem ttyUSB4: modem_read_bulk_callback: bulk rx err -2
<6>[   77.329040] qsc6085-modem ttyUSB4: modem_read_bulk_callback: bulk rx err -2
<6>[   77.330017] qsc6085-modem ttyUSB4: modem_read_bulk_callback: bulk rx err -2
<6>[   77.331024] qsc6085-modem ttyUSB4: modem_read_bulk_callback: bulk rx err -2
<6>[   77.332031] qsc6085-modem ttyUSB4: modem_read_bulk_callback: bulk rx err -2
<6>[   77.333038] qsc6085-modem ttyUSB4: modem_read_bulk_callback: bulk rx err -2
<6>[   77.334045] qsc6085-modem ttyUSB4: modem_read_bulk_callback: bulk rx err -2
<6>[   77.335021] qsc6085-modem ttyUSB4: modem_interrupt_callback: urb shutting down
<6>[   78.078735] qsc6085-modem ttyUSB4: modem_write: Get 65 bytes.
<6>[   78.078918] qsc6085-modem ttyUSB4: modem_write: add wakelock
<4>[   78.082366] [TX]: circ_empty = 1, tx_stopped = 0
<4>[   78.090881] [RX]: {0xf9}{0x07}{0xef}?U0055~+RSSI=2,18,97,1,6,114,11{0x0a}{0xf9}{0xf9}
<6>[   78.141265] cdma-modem 1-3:1.0: modem_resume: port not open yet 
<6>[   78.141357] cdma-modem 1-3:1.1: modem_resume: port not open yet 
<6>[   78.141510] cdma-modem 1-3:1.2: modem_resume: port not open yet 
<6>[   78.141571] cdma-modem 1-3:1.3: modem_resume: port not open yet 
<6>[   78.141723] cdma-modem 1-3:1.4: modem_resume: port 4 is resumed here 
<7>[   78.237579] turning off regulator
<6>[   78.297729] qsc6085-modem ttyUSB4: modem_write: Get 44 bytes.
<6>[   78.396850] qsc6085-modem ttyUSB4: modem_write: Get 132 bytes.
<6>[   78.594543] qsc6085-modem ttyUSB4: modem_write: Get 44 bytes.
<6>[   78.610626] qsc6085-modem ttyUSB4: modem_write: Get 44 bytes.
<4>[   78.690460] [TX]: {0xf9}{0x13}{0xef}sU0089AT+MPDI
<4>[   78.691955] [TX]: NJPOS="42.290166
<4>[   78.693420] [TX]: "," -87.997589",
<4>[   78.694915] [TX]: "60.000000"{0x0a}{0x00}{0xc8}{0xf9}
<6>[   78.750427] qsc6085-modem ttyUSB4: modem_write: Get 226 bytes.
<6>[   78.758880] qsc6085-modem ttyUSB4: modem_write: Get 44 bytes.
<4>[   78.775451] [RX]: {0xf9}{0x13}{0xef}'U0089+MPDINJPOS:OK{0x0a}{0xa3}{0xf9}
<6>[   78.985198] qsc6085-modem ttyUSB4: modem_write: Get 44 bytes.
<6>[   78.985382] qsc6085-modem ttyUSB4: modem_write: Get 44 bytes.
<6>[   79.956237] qsc6085-modem ttyUSB4: modem_write: Get 250 bytes.
<6>[   79.956359] qsc6085-modem ttyUSB4: modem_write: Get 191 bytes.
<6>[   80.305236] cdma-modem 1-3:1.0: modem_suspend: port not open yet 
<6>[   80.305328] cdma-modem 1-3:1.1: modem_suspend: port not open yet 
<6>[   80.305480] cdma-modem 1-3:1.2: modem_suspend: port not open yet 
<6>[   80.305541] cdma-modem 1-3:1.3: modem_suspend: port not open yet 
<6>[   80.305694] cdma-modem 1-3:1.4: modem_suspend: Suspend Port  num 4.
<6>[   80.305786] qsc6085-modem ttyUSB4: stop_data_traffic() port 4
<6>[   80.306091] qsc6085-modem ttyUSB4: modem_read_bulk_callback: bulk rx err -2
<6>[   80.307098] qsc6085-modem ttyUSB4: modem_read_bulk_callback: bulk rx err -2
<6>[   80.308105] qsc6085-modem ttyUSB4: modem_read_bulk_callback: bulk rx err -2
<6>[   80.309082] qsc6085-modem ttyUSB4: modem_read_bulk_callback: bulk rx err -2
<6>[   80.310089] qsc6085-modem ttyUSB4: modem_read_bulk_callback: bulk rx err -2
<6>[   80.311096] qsc6085-modem ttyUSB4: modem_read_bulk_callback: bulk rx err -2
<6>[   80.312103] qsc6085-modem ttyUSB4: modem_read_bulk_callback: bulk rx err -2
<6>[   80.313110] qsc6085-modem ttyUSB4: modem_read_bulk_callback: bulk rx err -2
<6>[   80.314086] qsc6085-modem ttyUSB4: modem_read_bulk_callback: bulk rx err -2
<6>[   80.315093] qsc6085-modem ttyUSB4: modem_read_bulk_callback: bulk rx err -2
<6>[   80.316101] qsc6085-modem ttyUSB4: modem_read_bulk_callback: bulk rx err -2
<6>[   80.317108] qsc6085-modem ttyUSB4: modem_read_bulk_callback: bulk rx err -2
<6>[   80.318084] qsc6085-modem ttyUSB4: modem_read_bulk_callback: bulk rx err -2
<6>[   80.319091] qsc6085-modem ttyUSB4: modem_read_bulk_callback: bulk rx err -2
<6>[   80.320098] qsc6085-modem ttyUSB4: modem_read_bulk_callback: bulk rx err -2
<6>[   80.321105] qsc6085-modem ttyUSB4: modem_read_bulk_callback: bulk rx err -2
<6>[   80.322082] qsc6085-modem ttyUSB4: modem_interrupt_callback: urb shutting down
<4>[   80.322967] [TX]: circ_empty = 1, tx_stopped = 0
<4>[   80.330993] [RX]: {0xf9}{0x07}{0xef}?U0056~+RSSI=2,17,97,1,6,112,11{0x0a}{0xf9}{0xf9}
<6>[   80.563140] qsc6085-modem ttyUSB4: modem_write: Get 250 bytes.
<6>[   80.563232] qsc6085-modem ttyUSB4: modem_write: add wakelock
<6>[   80.625579] cdma-modem 1-3:1.0: modem_resume: port not open yet 
<6>[   80.625671] cdma-modem 1-3:1.1: modem_resume: port not open yet 
<6>[   80.625823] cdma-modem 1-3:1.2: modem_resume: port not open yet 
<6>[   80.625885] cdma-modem 1-3:1.3: modem_resume: port not open yet 
<6>[   80.626037] cdma-modem 1-3:1.4: modem_resume: port 4 is resumed here 
<6>[   80.627288] qsc6085-modem ttyUSB4: modem_write: Get 191 bytes.
<6>[   80.786163] qsc6085-modem ttyUSB4: modem_write: Get 77 bytes.
<7>[   80.891113] usb0: no IPv6 routers present
<6>[   80.992431] qsc6085-modem ttyUSB4: modem_write: Get 64 bytes.
<4>[   81.187500] [TX]: {0xf9}{0x13}{0xef}sU0090AT+MPDI
<4>[   81.188995] [TX]: NJPOS="42.290077
<4>[   81.190490] [TX]: "," -87.997476",
<4>[   81.191986] [TX]: "60.000000"{0x0a}{0x00}{0xc8}{0xf9}
<4>[   81.255493] [RX]: {0xf9}{0x13}{0xef}'U0090+MPDINJPOS:OK{0x0a}{0xa3}{0xf9}
<6>[   82.256164] qsc6085-modem ttyUSB3: modem_open: Enter. Open Port 3
<6>[   82.256347] qsc6085-modem ttyUSB3: modem_open: Exit. retval = 0
<6>[   82.261230] qsc6085-modem ttyUSB3: modem_write: Get 20 bytes.
<6>[   82.293579] qsc6085-modem ttyUSB3: modem_write: Get 14 bytes.
<6>[   82.318389] qsc6085-modem ttyUSB3: modem_write: Get 20 bytes.
<6>[   82.329345] qsc6085-modem ttyUSB3: modem_write: Get 20 bytes.
<6>[   82.350463] qsc6085-modem ttyUSB3: modem_write: Get 20 bytes.
<4>[   82.562866] [TX]: circ_empty = 1, tx_stopped = 0
<4>[   82.570495] [RX]: {0xf9}{0x07}{0xef}?U0057~+RSSI=2,16,97,1,7,110,11{0x0a}{0xf9}{0xf9}
<6>[   83.985015] qsc6085-modem ttyUSB4: modem_write: Get 65 bytes.
<6>[   84.157104] qsc6085-modem ttyUSB4: modem_write: Get 44 bytes.
<6>[   84.164947] qsc6085-modem ttyUSB4: modem_write: Get 44 bytes.
<6>[   84.195709] qsc6085-modem ttyUSB4: modem_write: Get 132 bytes.
<6>[   84.438385] qsc6085-modem ttyUSB4: modem_write: Get 44 bytes.
<6>[   84.438568] qsc6085-modem ttyUSB4: modem_write: Get 44 bytes.
<6>[   84.454010] qsc6085-modem ttyUSB4: modem_write: Get 44 bytes.
<6>[   84.469635] qsc6085-modem ttyUSB4: modem_write: Get 45 bytes.
<6>[   84.559234] qsc6085-modem ttyUSB4: modem_write: Get 250 bytes.
<6>[   84.559417] qsc6085-modem ttyUSB4: modem_write: Get 111 bytes.
<6>[   84.625335] qsc6085-modem ttyUSB3: modem_write: Get 14 bytes.
<6>[   84.664642] qsc6085-modem ttyUSB3: modem_write: Get 20 bytes.
<6>[   84.702301] qsc6085-modem ttyUSB3: modem_write: Get 20 bytes.
<4>[   84.802612] [TX]: circ_empty = 1, tx_stopped = 0
<4>[   84.809356] [RX]: {0xf9}{0x07}{0xef}?U0058~+RSSI=2,15,97,1,7,109,10{0x0a}{0xf9}{0xf9}
<6>[   84.860168] qsc6085-modem ttyUSB4: modem_write: Get 44 bytes.
<6>[   84.891265] qsc6085-modem ttyUSB4: modem_write: Get 44 bytes.
<6>[   85.352600] qsc6085-modem ttyUSB4: modem_write: Get 75 bytes.
<4>[   86.994873] [TX]: {0xf9}{0x13}{0xef}sU0091AT+MPDI
<4>[   86.996398] [TX]: NJPOS="42.290099
<4>[   86.997894] [TX]: "," -87.997430",
<4>[   86.999359] [TX]: "60.000000"{0x0a}{0x00}{0xc8}{0xf9}
<4>[   87.063201] [RX]: {0xf9}{0x07}{0xef}?U0059~+RSSI=2,14,97,1,7,108,10{0x0a}{0xf9}{0xf9}
<4>[   87.101104] [RX]: {0xf9}{0x13}{0xef}'U0091+MPDINJPOS:OK{0x0a}{0xa3}{0xf9}
<6>[   87.797790] qsc6085-modem ttyUSB4: modem_write: Get 45 bytes.
<4>[   87.974182] [TX]: {0xf9}{0x07}{0xef}!U0092AT+SCRN
<4>[   87.975738] [TX]: =1{0x0d}{0x00}{0x0f}{0xf9}
<4>[   88.007080] [RX]: {0xf9}{0x07}{0xef}{0x1d}U0092+SCRN:OK{0x0a}"{0xf9}
<4>[   88.011840] [RX]: {0xf9}{0x07}{0xef}AU0060~+CREG=0,0,0,0,0,0,0,0,0,0{0x0a}G{0xf9}
<4>[   88.016204] [RX]: {0xf9}{0x07}{0xef}?U0061~+RSSI=2,14,97,1,7,108,10{0x0a}{0xf9}{0xf9}
<4>[   88.023559] [TX]: {0xf9}{0x07}{0xef}{0x1f}U0093AT+COPS
<4>[   88.025054] [TX]: ?{0x0d}{0x00}{0xc1}{0xf9}
<4>[   88.078643] [RX]: {0xf9}{0x07}{0xef}+U0093+COPS=0,,,00000{0x0a}{0xe2}{0xf9}
<4>[   88.087097] [TX]: {0xf9}{0x07}{0xef}{0x1f}U0094AT+CREG
<4>[   88.088592] [TX]: ?{0x0d}{0x00}{0xc1}{0xf9}
<4>[   88.139404] [RX]: {0xf9}{0x07}{0xef}GU0094+CREG=5,5,657,0,0,20,4,64,1,2{0x0a}{0xa3}{0xf9}
<4>[   88.149536] [TX]: {0xf9}{0x07}{0xef}{0x1f}U0095AT+CREG
<4>[   88.151031] [TX]: ?{0x0d}{0x00}{0xc1}{0xf9}
<4>[   88.202209] [RX]: {0xf9}{0x07}{0xef}GU0095+CREG=5,5,657,0,0,20,4,64,1,2{0x0a}{0xa3}{0xf9}
<6>[   88.845977] qsc6085-modem ttyUSB4: modem_write: Get 250 bytes.
<6>[   88.846099] qsc6085-modem ttyUSB4: modem_write: Get 250 bytes.
<6>[   88.846252] qsc6085-modem ttyUSB4: modem_write: Get 16 bytes.
